Mar 24 19:37:12 Kajetandell kernel: [   11.097669] TCP: eth0: Driver has suspect GRO implementation, TCP performance may be compromised.
Mar 24 19:37:51 Kajetandell kernel: [   49.470986] hv_balloon: Max. dynamic memory size: 16246 MB
Mar 24 19:38:59 Kajetandell kernel: [  118.076226] misc dxg: dxgk: dxgkio_query_adapter_info: Ioctl failed: -22
Mar 24 19:39:00 Kajetandell kernel: [  119.158612] nvidia-smi[1563]: segfault at 17ebc ip 00007f3ebbc809b1 sp 00007fff6f47cbd0 error 4 in libnvidia-ml.so.1[7f3ebbc00000+178000]
Mar 24 19:39:00 Kajetandell kernel: [  119.158620] Code: 2b 09 00 66 0f 1f 44 00 00 55 48 89 e5 5d e9 16 6d f9 ff 66 0f 1f 44 00 00 55 48 89 e5 5d e9 e6 6f f9 ff 66 0f 1f 44 00 00 55 <8b> bf bc 7e 01 00 48 89 e5 5d e9 10 71 f9 ff 55 48 89 e5 5d e9 c6
Mar 24 19:39:00 Kajetandell kernel: [  119.158624] potentially unexpected fatal signal 11.
Mar 24 19:39:00 Kajetandell kernel: [  119.158625] CPU: 8 PID: 1563 Comm: nvidia-smi Not tainted 5.15.133.1-microsoft-standard-WSL2 #1
Mar 24 19:39:00 Kajetandell kernel: [  119.158627] RIP: 0033:0x7f3ebbc809b1
Mar 24 19:39:00 Kajetandell kernel: [  119.158629] Code: 2b 09 00 66 0f 1f 44 00 00 55 48 89 e5 5d e9 16 6d f9 ff 66 0f 1f 44 00 00 55 48 89 e5 5d e9 e6 6f f9 ff 66 0f 1f 44 00 00 55 <8b> bf bc 7e 01 00 48 89 e5 5d e9 10 71 f9 ff 55 48 89 e5 5d e9 c6
Mar 24 19:39:00 Kajetandell kernel: [  119.158630] RSP: 002b:00007fff6f47cbd0 EFLAGS: 00010246
Mar 24 19:39:00 Kajetandell kernel: [  119.158631] RAX: 00000000a55a0030 RBX: 00007f3ebbfa3fb8 RCX: 00000000a55a0030
Mar 24 19:39:00 Kajetandell kernel: [  119.158632] RDX: 00000000a55a0010 RSI: 00000000c1d0024a RDI: 0000000000000000
Mar 24 19:39:00 Kajetandell kernel: [  119.158633] RBP: 00007fff6f47cc40 R08: 0000000000002081 R09: 00007fff6f47cc0c
Mar 24 19:39:00 Kajetandell kernel: [  119.158634] R10: 00000000a55a0020 R11: 0315ea78a0e14f9c R12: 00007f3ebbfbbfec
Mar 24 19:39:00 Kajetandell kernel: [  119.158634] R13: 00007fff6f47cc6c R14: 0000000000000000 R15: 00007f3ebbfa2800
Mar 24 19:39:00 Kajetandell kernel: [  119.158635] FS:  00007f3ebd218340 GS:  0000000000000000
Mar 24 20:00:39 Kajetandell kernel: [ 1418.398920] misc dxg: dxgk: dxgkio_query_adapter_info: Ioctl failed: -22
Mar 24 20:00:40 Kajetandell kernel: [ 1419.399553] nvidia-smi[7885]: segfault at 17ebc ip 00007f6173a809b1 sp 00007fff746ce5c0 error 4 in libnvidia-ml.so.1[7f6173a00000+178000]
Mar 24 20:00:40 Kajetandell kernel: [ 1419.399561] Code: 2b 09 00 66 0f 1f 44 00 00 55 48 89 e5 5d e9 16 6d f9 ff 66 0f 1f 44 00 00 55 48 89 e5 5d e9 e6 6f f9 ff 66 0f 1f 44 00 00 55 <8b> bf bc 7e 01 00 48 89 e5 5d e9 10 71 f9 ff 55 48 89 e5 5d e9 c6
Mar 24 20:00:40 Kajetandell kernel: [ 1419.399565] potentially unexpected fatal signal 11.
Mar 24 20:00:40 Kajetandell kernel: [ 1419.399566] CPU: 15 PID: 7885 Comm: nvidia-smi Not tainted 5.15.133.1-microsoft-standard-WSL2 #1
Mar 24 20:00:40 Kajetandell kernel: [ 1419.399568] RIP: 0033:0x7f6173a809b1
Mar 24 20:00:40 Kajetandell kernel: [ 1419.399572] Code: 2b 09 00 66 0f 1f 44 00 00 55 48 89 e5 5d e9 16 6d f9 ff 66 0f 1f 44 00 00 55 48 89 e5 5d e9 e6 6f f9 ff 66 0f 1f 44 00 00 55 <8b> bf bc 7e 01 00 48 89 e5 5d e9 10 71 f9 ff 55 48 89 e5 5d e9 c6
Mar 24 20:00:40 Kajetandell kernel: [ 1419.399573] RSP: 002b:00007fff746ce5c0 EFLAGS: 00010246
Mar 24 20:00:40 Kajetandell kernel: [ 1419.399574] RAX: 00000000a55a0030 RBX: 00007f6173da3fb8 RCX: 00000000a55a0030
Mar 24 20:00:40 Kajetandell kernel: [ 1419.399575] RDX: 00000000a55a0010 RSI: 00000000c1d0024d RDI: 0000000000000000
Mar 24 20:00:40 Kajetandell kernel: [ 1419.399576] RBP: 00007fff746ce630 R08: 0000000000002081 R09: 00007fff746ce5fc
Mar 24 20:00:40 Kajetandell kernel: [ 1419.399577] R10: 00000000a55a0020 R11: a8353d8bd369f800 R12: 00007f6173dbbfec
Mar 24 20:00:40 Kajetandell kernel: [ 1419.399577] R13: 00007fff746ce65c R14: 0000000000000000 R15: 00007f6173da2800
Mar 24 20:00:40 Kajetandell kernel: [ 1419.399578] FS:  00007f61750f2340 GS:  0000000000000000
Mar 25 07:11:53 Kajetandell kernel: [    0.000000] Linux version 5.15.133.1-microsoft-standard-WSL2 (root@1c602f52c2e4) (gcc (GCC) 11.2.0, GNU ld (GNU Binutils) 2.37) #1 SMP Thu Oct 5 21:02:42 UTC 2023
Mar 25 07:11:53 Kajetandell kernel: [    0.000000] Command line: initrd=\initrd.img WSL_ROOT_INIT=1 panic=-1 nr_cpus=16 bonding.max_bonds=0 dummy.numdummies=0 fb_tunnels=none console=hvc0 debug pty.legacy_count=0
Mar 25 07:11:53 Kajetandell kernel: [    0.000000] KERNEL supported cpus:
Mar 25 07:11:53 Kajetandell kernel: [    0.000000]   Intel GenuineIntel
Mar 25 07:11:53 Kajetandell kernel: [    0.000000]   AMD AuthenticAMD
Mar 25 07:11:53 Kajetandell kernel: [    0.000000]   Centaur CentaurHauls
Mar 25 07:11:53 Kajetandell kernel: [    0.000000] BIOS-provided physical RAM map:
Mar 25 07:11:53 Kajetandell kernel: [    0.000000] BIOS-e820: [mem 0x0000000000000000-0x000000000009ffff] usable
Mar 25 07:11:53 Kajetandell kernel: [    0.000000] BIOS-e820: [mem 0x00000000000e0000-0x00000000000e0fff] reserved
Mar 25 07:11:53 Kajetandell kernel: [    0.000000] BIOS-e820: [mem 0x0000000000100000-0x00000000001fffff] ACPI data
Mar 25 07:11:53 Kajetandell kernel: [    0.000000] BIOS-e820: [mem 0x0000000000200000-0x00000000f7ffffff] usable
Mar 25 07:11:53 Kajetandell kernel: [    0.000000] BIOS-e820: [mem 0x0000000100000000-0x00000003ff5fffff] usable
Mar 25 07:11:53 Kajetandell kernel: [    0.000000] NX (Execute Disable) protection: active
Mar 25 07:11:53 Kajetandell kernel: [    0.000000] DMI not present or invalid.
Mar 25 07:11:53 Kajetandell kernel: [    0.000000] Hypervisor detected: Microsoft Hyper-V
Mar 25 07:11:53 Kajetandell kernel: [    0.000000] Hyper-V: privilege flags low 0x2e7f, high 0x3b8030, hints 0x24c2c, misc 0xe4bed7b6
Mar 25 07:11:53 Kajetandell kernel: [    0.000000] Hyper-V Host Build:22621-10.0-3-0.3296
Mar 25 07:11:53 Kajetandell kernel: [    0.000000] Hyper-V: Nested features: 0x3e0101
Mar 25 07:11:53 Kajetandell kernel: [    0.000000] Hyper-V: LAPIC Timer Frequency: 0x1e8480
Mar 25 07:11:53 Kajetandell kernel: [    0.000000] Hyper-V: Using hypercall for remote TLB flush
Mar 25 07:11:53 Kajetandell kernel: [    0.000000] clocksource: hyperv_clocksource_tsc_page: mask: 0xffffffffffffffff max_cycles: 0x24e6a1710, max_idle_ns: 440795202120 ns
Mar 25 07:11:53 Kajetandell kernel: [    0.000001] tsc: Marking TSC unstable due to running on Hyper-V
Mar 25 07:11:53 Kajetandell kernel: [    0.000003] tsc: Detected 2400.008 MHz processor
Mar 25 07:11:53 Kajetandell kernel: [    0.000013] e820: update [mem 0x00000000-0x00000fff] usable ==> reserved
Mar 25 07:11:53 Kajetandell kernel: [    0.000016] e820: remove [mem 0x000a0000-0x000fffff] usable
Mar 25 07:11:53 Kajetandell kernel: [    0.000019] last_pfn = 0x3ff600 max_arch_pfn = 0x400000000
Mar 25 07:11:53 Kajetandell kernel: [    0.000043] x86/PAT: Configuration [0-7]: WB  WC  UC- UC  WB  WP  UC- WT  
Mar 25 07:11:53 Kajetandell kernel: [    0.000054] last_pfn = 0xf8000 max_arch_pfn = 0x400000000
Mar 25 07:11:53 Kajetandell kernel: [    0.000064] Using GB pages for direct mapping
Mar 25 07:11:53 Kajetandell kernel: [    0.000201] RAMDISK: [mem 0x03de5000-0x03fe7fff]
Mar 25 07:11:53 Kajetandell kernel: [    0.000203] ACPI: Early table checksum verification disabled
Mar 25 07:11:53 Kajetandell kernel: [    0.000206] ACPI: RSDP 0x00000000000E0000 000024 (v02 VRTUAL)
Mar 25 07:11:53 Kajetandell kernel: [    0.000210] ACPI: XSDT 0x0000000000100000 000044 (v01 VRTUAL MICROSFT 00000001 MSFT 00000001)
Mar 25 07:11:53 Kajetandell kernel: [    0.000215] ACPI: FACP 0x0000000000101000 000114 (v06 VRTUAL MICROSFT 00000001 MSFT 00000001)
Mar 25 07:11:53 Kajetandell kernel: [    0.000220] ACPI: DSDT 0x00000000001011B8 01E191 (v02 MSFTVM DSDT01   00000001 MSFT 05000000)
Mar 25 07:11:53 Kajetandell kernel: [    0.000224] ACPI: FACS 0x0000000000101114 000040
Mar 25 07:11:53 Kajetandell kernel: [    0.000227] ACPI: OEM0 0x0000000000101154 000064 (v01 VRTUAL MICROSFT 00000001 MSFT 00000001)
Mar 25 07:11:53 Kajetandell kernel: [    0.000230] ACPI: SRAT 0x000000000011F349 0003B0 (v02 VRTUAL MICROSFT 00000001 MSFT 00000001)
Mar 25 07:11:53 Kajetandell kernel: [    0.000234] ACPI: APIC 0x000000000011F6F9 0000C8 (v04 VRTUAL MICROSFT 00000001 MSFT 00000001)
Mar 25 07:11:53 Kajetandell kernel: [    0.000236] ACPI: Reserving FACP table memory at [mem 0x101000-0x101113]
Mar 25 07:11:53 Kajetandell kernel: [    0.000238] ACPI: Reserving DSDT table memory at [mem 0x1011b8-0x11f348]
Mar 25 07:11:53 Kajetandell kernel: [    0.000239] ACPI: Reserving FACS table memory at [mem 0x101114-0x101153]
Mar 25 07:11:53 Kajetandell kernel: [    0.000239] ACPI: Reserving OEM0 table memory at [mem 0x101154-0x1011b7]
Mar 25 07:11:53 Kajetandell kernel: [    0.000240] ACPI: Reserving SRAT table memory at [mem 0x11f349-0x11f6f8]
Mar 25 07:11:53 Kajetandell kernel: [    0.000241] ACPI: Reserving APIC table memory at [mem 0x11f6f9-0x11f7c0]
Mar 25 07:11:53 Kajetandell kernel: [    0.000703] Zone ranges:
Mar 25 07:11:53 Kajetandell kernel: [    0.000706]   DMA      [mem 0x0000000000001000-0x0000000000ffffff]
Mar 25 07:11:53 Kajetandell kernel: [    0.000708]   DMA32    [mem 0x0000000001000000-0x00000000ffffffff]
Mar 25 07:11:53 Kajetandell kernel: [    0.000709]   Normal   [mem 0x0000000100000000-0x00000003ff5fffff]
Mar 25 07:11:53 Kajetandell kernel: [    0.000711]   Device   empty
Mar 25 07:11:53 Kajetandell kernel: [    0.000712] Movable zone start for each node
Mar 25 07:11:53 Kajetandell kernel: [    0.000713] Early memory node ranges
Mar 25 07:11:53 Kajetandell kernel: [    0.000713]   node   0: [mem 0x0000000000001000-0x000000000009ffff]
Mar 25 07:11:53 Kajetandell kernel: [    0.000715]   node   0: [mem 0x0000000000200000-0x00000000f7ffffff]
Mar 25 07:11:53 Kajetandell kernel: [    0.000716]   node   0: [mem 0x0000000100000000-0x00000003ff5fffff]
Mar 25 07:11:53 Kajetandell kernel: [    0.000718] Initmem setup node 0 [mem 0x0000000000001000-0x00000003ff5fffff]
Mar 25 07:11:53 Kajetandell kernel: [    0.000927] On node 0, zone DMA: 1 pages in unavailable ranges
Mar 25 07:11:53 Kajetandell kernel: [    0.000949] On node 0, zone DMA: 352 pages in unavailable ranges
Mar 25 07:11:53 Kajetandell kernel: [    0.015385] On node 0, zone Normal: 2560 pages in unavailable ranges
Mar 25 07:11:53 Kajetandell kernel: [    0.015469] ACPI: LAPIC_NMI (acpi_id[0x01] dfl dfl lint[0x1])
Mar 25 07:11:53 Kajetandell kernel: [    0.015926] IOAPIC[0]: apic_id 16, version 17, address 0xfec00000, GSI 0-23
Mar 25 07:11:53 Kajetandell kernel: [    0.015932] ACPI: INT_SRC_OVR (bus 0 bus_irq 9 global_irq 9 high level)
Mar 25 07:11:53 Kajetandell kernel: [    0.015937] ACPI: Using ACPI (MADT) for SMP configuration information
Mar 25 07:11:53 Kajetandell kernel: [    0.015943] smpboot: Allowing 16 CPUs, 0 hotplug CPUs
Mar 25 07:11:53 Kajetandell kernel: [    0.015951] [mem 0xf8000000-0xffffffff] available for PCI devices
Mar 25 07:11:53 Kajetandell kernel: [    0.015952] Booting paravirtualized kernel on Hyper-V
Mar 25 07:11:53 Kajetandell kernel: [    0.015954] clocksource: refined-jiffies: mask: 0xffffffff max_cycles: 0xffffffff, max_idle_ns: 19112604462750000 ns
Mar 25 07:11:53 Kajetandell kernel: [    0.021679] setup_percpu: NR_CPUS:256 nr_cpumask_bits:256 nr_cpu_ids:16 nr_node_ids:1
Mar 25 07:11:53 Kajetandell kernel: [    0.022383] percpu: Embedded 53 pages/cpu s177624 r8192 d31272 u262144
Mar 25 07:11:53 Kajetandell kernel: [    0.022391] pcpu-alloc: s177624 r8192 d31272 u262144 alloc=1*2097152
Mar 25 07:11:53 Kajetandell kernel: [    0.022394] pcpu-alloc: [0] 00 01 02 03 04 05 06 07 [0] 08 09 10 11 12 13 14 15 
Mar 25 07:11:53 Kajetandell kernel: [    0.022410] Hyper-V: PV spinlocks enabled
Mar 25 07:11:53 Kajetandell kernel: [    0.022412] PV qspinlock hash table entries: 256 (order: 0, 4096 bytes, linear)
Mar 25 07:11:53 Kajetandell kernel: [    0.022416] Built 1 zonelists, mobility grouping on.  Total pages: 4092973
Mar 25 07:11:53 Kajetandell kernel: [    0.022418] Kernel command line: initrd=\initrd.img WSL_ROOT_INIT=1 panic=-1 nr_cpus=16 bonding.max_bonds=0 dummy.numdummies=0 fb_tunnels=none console=hvc0 debug pty.legacy_count=0
Mar 25 07:11:53 Kajetandell kernel: [    0.022504] Unknown kernel command line parameters "WSL_ROOT_INIT=1", will be passed to user space.
Mar 25 07:11:53 Kajetandell kernel: [    0.025243] Dentry cache hash table entries: 2097152 (order: 12, 16777216 bytes, linear)
Mar 25 07:11:53 Kajetandell kernel: [    0.026395] Inode-cache hash table entries: 1048576 (order: 11, 8388608 bytes, linear)
Mar 25 07:11:53 Kajetandell kernel: [    0.026625] mem auto-init: stack:off, heap alloc:off, heap free:off
Mar 25 07:11:53 Kajetandell kernel: [    0.051841] Memory: 4124400K/16634492K available (18452K kernel code, 2632K rwdata, 9736K rodata, 2008K init, 1780K bss, 400184K reserved, 0K cma-reserved)
Mar 25 07:11:53 Kajetandell kernel: [    0.051896] SLUB: HWalign=64, Order=0-3, MinObjects=0, CPUs=16, Nodes=1
Mar 25 07:11:53 Kajetandell kernel: [    0.051911] ftrace: allocating 53235 entries in 208 pages
Mar 25 07:11:53 Kajetandell kernel: [    0.077180] ftrace: allocated 208 pages with 3 groups
Mar 25 07:11:53 Kajetandell kernel: [    0.077583] rcu: Hierarchical RCU implementation.
Mar 25 07:11:53 Kajetandell kernel: [    0.077585] rcu: 	RCU restricting CPUs from NR_CPUS=256 to nr_cpu_ids=16.
Mar 25 07:11:53 Kajetandell kernel: [    0.077587] 	Rude variant of Tasks RCU enabled.
Mar 25 07:11:53 Kajetandell kernel: [    0.077588] 	Tracing variant of Tasks RCU enabled.
Mar 25 07:11:53 Kajetandell kernel: [    0.077589] rcu: RCU calculated value of scheduler-enlistment delay is 10 jiffies.
Mar 25 07:11:53 Kajetandell kernel: [    0.077591] rcu: Adjusting geometry for rcu_fanout_leaf=16, nr_cpu_ids=16
Mar 25 07:11:53 Kajetandell kernel: [    0.082594] Using NULL legacy PIC
Mar 25 07:11:53 Kajetandell kernel: [    0.082598] NR_IRQS: 16640, nr_irqs: 552, preallocated irqs: 0
Mar 25 07:11:53 Kajetandell kernel: [    0.082997] random: crng init done
Mar 25 07:11:53 Kajetandell kernel: [    0.083025] Console: colour dummy device 80x25
Mar 25 07:11:53 Kajetandell kernel: [    0.083038] ACPI: Core revision 20210730
Mar 25 07:11:53 Kajetandell kernel: [    0.083119] Failed to register legacy timer interrupt
Mar 25 07:11:53 Kajetandell kernel: [    0.083120] APIC: Switch to symmetric I/O mode setup
Mar 25 07:11:53 Kajetandell kernel: [    0.083122] Switched APIC routing to physical flat.
Mar 25 07:11:53 Kajetandell kernel: [    0.083140] Hyper-V: Using IPI hypercalls
Mar 25 07:11:53 Kajetandell kernel: [    0.083141] Hyper-V: Using enlightened APIC (xapic mode)
Mar 25 07:11:53 Kajetandell kernel: [    0.083247] Calibrating delay loop (skipped), value calculated using timer frequency.. 4800.01 BogoMIPS (lpj=24000080)
Mar 25 07:11:53 Kajetandell kernel: [    0.083371] Last level iTLB entries: 4KB 64, 2MB 8, 4MB 8
Mar 25 07:11:53 Kajetandell kernel: [    0.083373] Last level dTLB entries: 4KB 64, 2MB 0, 4MB 0, 1GB 4
Mar 25 07:11:53 Kajetandell kernel: [    0.083381] Spectre V1 : Mitigation: usercopy/swapgs barriers and __user pointer sanitization
Mar 25 07:11:53 Kajetandell kernel: [    0.083383] Spectre V2 : Mitigation: Enhanced IBRS
Mar 25 07:11:53 Kajetandell kernel: [    0.083384] Spectre V2 : Spectre v2 / SpectreRSB mitigation: Filling RSB on context switch
Mar 25 07:11:53 Kajetandell kernel: [    0.083384] Spectre V2 : Spectre v2 / PBRSB-eIBRS: Retire a single CALL on VMEXIT
Mar 25 07:11:53 Kajetandell kernel: [    0.083385] RETBleed: Mitigation: Enhanced IBRS
Mar 25 07:11:53 Kajetandell kernel: [    0.083386] Spectre V2 : mitigation: Enabling conditional Indirect Branch Prediction Barrier
Mar 25 07:11:53 Kajetandell kernel: [    0.083388] Speculative Store Bypass: Mitigation: Speculative Store Bypass disabled via prctl and seccomp
Mar 25 07:11:53 Kajetandell kernel: [    0.083393] TAA: Mitigation: TSX disabled
Mar 25 07:11:53 Kajetandell kernel: [    0.083394] MMIO Stale Data: Mitigation: Clear CPU buffers
Mar 25 07:11:53 Kajetandell kernel: [    0.083395] SRBDS: Unknown: Dependent on hypervisor status
Mar 25 07:11:53 Kajetandell kernel: [    0.083396] GDS: Unknown: Dependent on hypervisor status
Mar 25 07:11:53 Kajetandell kernel: [    0.083407] x86/fpu: Supporting XSAVE feature 0x001: 'x87 floating point registers'
Mar 25 07:11:53 Kajetandell kernel: [    0.083409] x86/fpu: Supporting XSAVE feature 0x002: 'SSE registers'
Mar 25 07:11:53 Kajetandell kernel: [    0.083409] x86/fpu: Supporting XSAVE feature 0x004: 'AVX registers'
Mar 25 07:11:53 Kajetandell kernel: [    0.083412] x86/fpu: xstate_offset[2]:  576, xstate_sizes[2]:  256
Mar 25 07:11:53 Kajetandell kernel: [    0.083413] x86/fpu: Enabled xstate features 0x7, context size is 832 bytes, using 'compacted' format.
Mar 25 07:11:53 Kajetandell kernel: [    0.093244] Freeing SMP alternatives memory: 60K
Mar 25 07:11:53 Kajetandell kernel: [    0.093244] pid_max: default: 32768 minimum: 301
Mar 25 07:11:53 Kajetandell kernel: [    0.093244] LSM: Security Framework initializing
Mar 25 07:11:53 Kajetandell kernel: [    0.093244] landlock: Up and running.
Mar 25 07:11:53 Kajetandell kernel: [    0.093244] Mount-cache hash table entries: 32768 (order: 6, 262144 bytes, linear)
Mar 25 07:11:53 Kajetandell kernel: [    0.093244] Mountpoint-cache hash table entries: 32768 (order: 6, 262144 bytes, linear)
Mar 25 07:11:53 Kajetandell kernel: [    0.093244] smpboot: CPU0: Intel(R) Core(TM) i9-9980HK CPU @ 2.40GHz (family: 0x6, model: 0x9e, stepping: 0xd)
Mar 25 07:11:53 Kajetandell kernel: [    0.093244] Performance Events: Skylake events, 32-deep LBR, full-width counters, Intel PMU driver.
Mar 25 07:11:53 Kajetandell kernel: [    0.093244] ... version:                4
Mar 25 07:11:53 Kajetandell kernel: [    0.093244] ... bit width:              48
Mar 25 07:11:53 Kajetandell kernel: [    0.093244] ... generic registers:      4
Mar 25 07:11:53 Kajetandell kernel: [    0.093244] ... value mask:             0000ffffffffffff
Mar 25 07:11:53 Kajetandell kernel: [    0.093244] ... max period:             00007fffffffffff
Mar 25 07:11:53 Kajetandell kernel: [    0.093244] ... fixed-purpose events:   3
Mar 25 07:11:53 Kajetandell kernel: [    0.093244] ... event mask:             000000070000000f
Mar 25 07:11:53 Kajetandell kernel: [    0.093244] signal: max sigframe size: 1776
Mar 25 07:11:53 Kajetandell kernel: [    0.093244] rcu: Hierarchical SRCU implementation.
Mar 25 07:11:53 Kajetandell kernel: [    0.093244] smp: Bringing up secondary CPUs ...
Mar 25 07:11:53 Kajetandell kernel: [    0.093244] x86: Booting SMP configuration:
Mar 25 07:11:53 Kajetandell kernel: [    0.093244] .... node  #0, CPUs:        #1
Mar 25 07:11:53 Kajetandell kernel: [    0.093244] MMIO Stale Data CPU bug present and SMT on, data leak possible. See https://www.kernel.org/doc/html/latest/admin-guide/hw-vuln/processor_mmio_stale_data.html for more details.
Mar 25 07:11:53 Kajetandell kernel: [    0.093244]   #2  #3  #4  #5  #6  #7  #8  #9 #10 #11 #12 #13 #14 #15
Mar 25 07:11:53 Kajetandell kernel: [    0.094142] smp: Brought up 1 node, 16 CPUs
Mar 25 07:11:53 Kajetandell kernel: [    0.094146] smpboot: Max logical packages: 1
Mar 25 07:11:53 Kajetandell kernel: [    0.094148] smpboot: Total of 16 processors activated (76800.25 BogoMIPS)
Mar 25 07:11:53 Kajetandell kernel: [    0.116450] node 0 deferred pages initialised in 20ms
Mar 25 07:11:53 Kajetandell kernel: [    0.116548] devtmpfs: initialized
Mar 25 07:11:53 Kajetandell kernel: [    0.116548] x86/mm: Memory block size: 128MB
Mar 25 07:11:53 Kajetandell kernel: [    0.116548] clocksource: jiffies: mask: 0xffffffff max_cycles: 0xffffffff, max_idle_ns: 19112604462750000 ns
Mar 25 07:11:53 Kajetandell kernel: [    0.116548] futex hash table entries: 4096 (order: 6, 262144 bytes, linear)
Mar 25 07:11:53 Kajetandell kernel: [    0.116548] NET: Registered PF_NETLINK/PF_ROUTE protocol family
Mar 25 07:11:53 Kajetandell kernel: [    0.116548] audit: initializing netlink subsys (disabled)
Mar 25 07:11:53 Kajetandell kernel: [    0.116548] audit: type=2000 audit(1711347110.030:1): state=initialized audit_enabled=0 res=1
Mar 25 07:11:53 Kajetandell kernel: [    0.116548] thermal_sys: Registered thermal governor 'step_wise'
Mar 25 07:11:53 Kajetandell kernel: [    0.116548] cpuidle: using governor menu
Mar 25 07:11:53 Kajetandell kernel: [    0.116548] ACPI: bus type PCI registered
Mar 25 07:11:53 Kajetandell kernel: [    0.116548] PCI: Fatal: No config space access function found
Mar 25 07:11:53 Kajetandell kernel: [    0.116548] kprobes: kprobe jump-optimization is enabled. All kprobes are optimized if possible.
Mar 25 07:11:53 Kajetandell kernel: [    0.123313] HugeTLB registered 1.00 GiB page size, pre-allocated 0 pages
Mar 25 07:11:53 Kajetandell kernel: [    0.123313] HugeTLB registered 2.00 MiB page size, pre-allocated 0 pages
Mar 25 07:11:53 Kajetandell kernel: [    0.133298] raid6: skip pq benchmark and using algorithm avx2x4
Mar 25 07:11:53 Kajetandell kernel: [    0.133298] raid6: using avx2x2 recovery algorithm
Mar 25 07:11:53 Kajetandell kernel: [    0.133299] ACPI: Added _OSI(Module Device)
Mar 25 07:11:53 Kajetandell kernel: [    0.133300] ACPI: Added _OSI(Processor Device)
Mar 25 07:11:53 Kajetandell kernel: [    0.133301] ACPI: Added _OSI(3.0 _SCP Extensions)
Mar 25 07:11:53 Kajetandell kernel: [    0.133302] ACPI: Added _OSI(Processor Aggregator Device)
Mar 25 07:11:53 Kajetandell kernel: [    0.133303] ACPI: Added _OSI(Linux-Dell-Video)
Mar 25 07:11:53 Kajetandell kernel: [    0.133304] ACPI: Added _OSI(Linux-Lenovo-NV-HDMI-Audio)
Mar 25 07:11:53 Kajetandell kernel: [    0.133305] ACPI: Added _OSI(Linux-HPI-Hybrid-Graphics)
Mar 25 07:11:53 Kajetandell kernel: [    0.137225] ACPI: 1 ACPI AML tables successfully acquired and loaded
Mar 25 07:11:53 Kajetandell kernel: [    0.138100] ACPI: Interpreter enabled
Mar 25 07:11:53 Kajetandell kernel: [    0.138103] ACPI: PM: (supports S0 S5)
Mar 25 07:11:53 Kajetandell kernel: [    0.138104] ACPI: Using IOAPIC for interrupt routing
Mar 25 07:11:53 Kajetandell kernel: [    0.138111] PCI: Using host bridge windows from ACPI; if necessary, use "pci=nocrs" and report a bug
Mar 25 07:11:53 Kajetandell kernel: [    0.138253] ACPI: Enabled 2 GPEs in block 00 to 0F
Mar 25 07:11:53 Kajetandell kernel: [    0.139562] iommu: Default domain type: Translated 
Mar 25 07:11:53 Kajetandell kernel: [    0.139564] iommu: DMA domain TLB invalidation policy: lazy mode 
Mar 25 07:11:53 Kajetandell kernel: [    0.139623] SCSI subsystem initialized
Mar 25 07:11:53 Kajetandell kernel: [    0.139630] ACPI: bus type USB registered
Mar 25 07:11:53 Kajetandell kernel: [    0.139637] usbcore: registered new interface driver usbfs
Mar 25 07:11:53 Kajetandell kernel: [    0.139641] usbcore: registered new interface driver hub
Mar 25 07:11:53 Kajetandell kernel: [    0.139647] usbcore: registered new device driver usb
Mar 25 07:11:53 Kajetandell kernel: [    0.139655] pps_core: LinuxPPS API ver. 1 registered
Mar 25 07:11:53 Kajetandell kernel: [    0.139656] pps_core: Software ver. 5.3.6 - Copyright 2005-2007 Rodolfo Giometti <giometti@linux.it>
Mar 25 07:11:53 Kajetandell kernel: [    0.139658] PTP clock support registered
Mar 25 07:11:53 Kajetandell kernel: [    0.143352] hv_vmbus: Vmbus version:5.3
Mar 25 07:11:53 Kajetandell kernel: [    0.143448] PCI: Using ACPI for IRQ routing
Mar 25 07:11:53 Kajetandell kernel: [    0.143450] PCI: System does not support PCI
Mar 25 07:11:53 Kajetandell kernel: [    0.143853] clocksource: Switched to clocksource hyperv_clocksource_tsc_page
Mar 25 07:11:53 Kajetandell kernel: [    0.144286] hv_vmbus: Unknown GUID: c376c1c3-d276-48d2-90a9-c04748072c60
Mar 25 07:11:53 Kajetandell kernel: [    0.144334] hv_vmbus: Unknown GUID: 6e382d18-3336-4f4b-acc4-2b7703d4df4a
Mar 25 07:11:53 Kajetandell kernel: [    0.144346] hv_vmbus: Unknown GUID: dde9cbc0-5060-4436-9448-ea1254a5d177
Mar 25 07:11:53 Kajetandell kernel: [    0.154405] VFS: Disk quotas dquot_6.6.0
Mar 25 07:11:53 Kajetandell kernel: [    0.154416] VFS: Dquot-cache hash table entries: 512 (order 0, 4096 bytes)
Mar 25 07:11:53 Kajetandell kernel: [    0.154433] FS-Cache: Loaded
Mar 25 07:11:53 Kajetandell kernel: [    0.154454] pnp: PnP ACPI init
Mar 25 07:11:53 Kajetandell kernel: [    0.154643] pnp: PnP ACPI: found 1 devices
Mar 25 07:11:53 Kajetandell kernel: [    0.165147] NET: Registered PF_INET protocol family
Mar 25 07:11:53 Kajetandell kernel: [    0.165526] IP idents hash table entries: 262144 (order: 9, 2097152 bytes, linear)
Mar 25 07:11:53 Kajetandell kernel: [    0.167077] tcp_listen_portaddr_hash hash table entries: 8192 (order: 5, 131072 bytes, linear)
Mar 25 07:11:53 Kajetandell kernel: [    0.167089] Table-perturb hash table entries: 65536 (order: 6, 262144 bytes, linear)
Mar 25 07:11:53 Kajetandell kernel: [    0.167093] TCP established hash table entries: 131072 (order: 8, 1048576 bytes, linear)
Mar 25 07:11:53 Kajetandell kernel: [    0.167373] TCP bind hash table entries: 65536 (order: 8, 1048576 bytes, linear)
Mar 25 07:11:53 Kajetandell kernel: [    0.167450] TCP: Hash tables configured (established 131072 bind 65536)
Mar 25 07:11:53 Kajetandell kernel: [    0.167470] UDP hash table entries: 8192 (order: 6, 262144 bytes, linear)
Mar 25 07:11:53 Kajetandell kernel: [    0.167491] UDP-Lite hash table entries: 8192 (order: 6, 262144 bytes, linear)
Mar 25 07:11:53 Kajetandell kernel: [    0.167531] NET: Registered PF_UNIX/PF_LOCAL protocol family
Mar 25 07:11:53 Kajetandell kernel: [    0.168492] RPC: Registered named UNIX socket transport module.
Mar 25 07:11:53 Kajetandell kernel: [    0.168495] RPC: Registered udp transport module.
Mar 25 07:11:53 Kajetandell kernel: [    0.168496] RPC: Registered tcp transport module.
Mar 25 07:11:53 Kajetandell kernel: [    0.168496] RPC: Registered tcp NFSv4.1 backchannel transport module.
Mar 25 07:11:53 Kajetandell kernel: [    0.168499] PCI: CLS 0 bytes, default 64
Mar 25 07:11:53 Kajetandell kernel: [    0.168520] PCI-DMA: Using software bounce buffering for IO (SWIOTLB)
Mar 25 07:11:53 Kajetandell kernel: [    0.168522] software IO TLB: mapped [mem 0x00000000f4000000-0x00000000f8000000] (64MB)
Mar 25 07:11:53 Kajetandell kernel: [    0.168568] KVM: vmx: using Hyper-V Enlightened VMCS
Mar 25 07:11:53 Kajetandell kernel: [    0.168590] Trying to unpack rootfs image as initramfs...
Mar 25 07:11:53 Kajetandell kernel: [    0.169580] Freeing initrd memory: 2060K
Mar 25 07:11:53 Kajetandell kernel: [    0.586214] kvm: already loaded the other module
Mar 25 07:11:53 Kajetandell kernel: [    0.590090] Initialise system trusted keyrings
Mar 25 07:11:53 Kajetandell kernel: [    0.590331] workingset: timestamp_bits=46 max_order=22 bucket_order=0
Mar 25 07:11:53 Kajetandell kernel: [    0.591272] squashfs: version 4.0 (2009/01/31) Phillip Lougher
Mar 25 07:11:53 Kajetandell kernel: [    0.591589] NFS: Registering the id_resolver key type
Mar 25 07:11:53 Kajetandell kernel: [    0.591595] Key type id_resolver registered
Mar 25 07:11:53 Kajetandell kernel: [    0.591597] Key type id_legacy registered
Mar 25 07:11:53 Kajetandell kernel: [    0.591599] nfs4filelayout_init: NFSv4 File Layout Driver Registering...
Mar 25 07:11:53 Kajetandell kernel: [    0.591602] nfs4flexfilelayout_init: NFSv4 Flexfile Layout Driver Registering...
Mar 25 07:11:53 Kajetandell kernel: [    0.591603] Installing knfsd (copyright (C) 1996 okir@monad.swb.de).
Mar 25 07:11:53 Kajetandell kernel: [    0.593099] Key type cifs.idmap registered
Mar 25 07:11:53 Kajetandell kernel: [    0.593226] fuse: init (API version 7.34)
Mar 25 07:11:53 Kajetandell kernel: [    0.593495] SGI XFS with ACLs, security attributes, realtime, scrub, repair, quota, no debug enabled
Mar 25 07:11:53 Kajetandell kernel: [    0.594098] 9p: Installing v9fs 9p2000 file system support
Mar 25 07:11:53 Kajetandell kernel: [    0.594108] FS-Cache: Netfs '9p' registered for caching
Mar 25 07:11:53 Kajetandell kernel: [    0.594189] FS-Cache: Netfs 'ceph' registered for caching
Mar 25 07:11:53 Kajetandell kernel: [    0.594190] ceph: loaded (mds proto 32)
Mar 25 07:11:53 Kajetandell kernel: [    0.601730] NET: Registered PF_ALG protocol family
Mar 25 07:11:53 Kajetandell kernel: [    0.601733] xor: automatically using best checksumming function   avx       
Mar 25 07:11:53 Kajetandell kernel: [    0.601735] Key type asymmetric registered
Mar 25 07:11:53 Kajetandell kernel: [    0.601736] Asymmetric key parser 'x509' registered
Mar 25 07:11:53 Kajetandell kernel: [    0.601756] Block layer SCSI generic (bsg) driver version 0.4 loaded (major 248)
Mar 25 07:11:53 Kajetandell kernel: [    0.603996] hv_vmbus: registering driver hv_pci
Mar 25 07:11:53 Kajetandell kernel: [    0.604603] hv_pci ed02327c-5c43-488b-a527-e2fcf2defb51: PCI VMBus probing: Using version 0x10004
Mar 25 07:11:53 Kajetandell kernel: [    0.606332] hv_pci ed02327c-5c43-488b-a527-e2fcf2defb51: PCI host bridge to bus 5c43:00
Mar 25 07:11:53 Kajetandell kernel: [    0.606335] pci_bus 5c43:00: root bus resource [mem 0x9ffe00000-0x9ffe02fff window]
Mar 25 07:11:53 Kajetandell kernel: [    0.606337] pci_bus 5c43:00: No busn resource found for root bus, will use [bus 00-ff]
Mar 25 07:11:53 Kajetandell kernel: [    0.607543] pci 5c43:00:00.0: [1af4:1043] type 00 class 0x010000
Mar 25 07:11:53 Kajetandell kernel: [    0.609052] pci 5c43:00:00.0: reg 0x10: [mem 0x9ffe00000-0x9ffe00fff 64bit]
Mar 25 07:11:53 Kajetandell kernel: [    0.610015] pci 5c43:00:00.0: reg 0x18: [mem 0x9ffe01000-0x9ffe01fff 64bit]
Mar 25 07:11:53 Kajetandell kernel: [    0.611012] pci 5c43:00:00.0: reg 0x20: [mem 0x9ffe02000-0x9ffe02fff 64bit]
Mar 25 07:11:53 Kajetandell kernel: [    0.614567] pci_bus 5c43:00: busn_res: [bus 00-ff] end is updated to 00
Mar 25 07:11:53 Kajetandell kernel: [    0.614572] pci 5c43:00:00.0: BAR 0: assigned [mem 0x9ffe00000-0x9ffe00fff 64bit]
Mar 25 07:11:53 Kajetandell kernel: [    0.615013] pci 5c43:00:00.0: BAR 2: assigned [mem 0x9ffe01000-0x9ffe01fff 64bit]
Mar 25 07:11:53 Kajetandell kernel: [    0.615436] pci 5c43:00:00.0: BAR 4: assigned [mem 0x9ffe02000-0x9ffe02fff 64bit]
Mar 25 07:11:53 Kajetandell kernel: [    0.624782] hv_pci 2d47d7b3-5625-4f56-aede-12291d5f491c: PCI VMBus probing: Using version 0x10004
Mar 25 07:11:53 Kajetandell kernel: [    0.626666] hv_pci 2d47d7b3-5625-4f56-aede-12291d5f491c: PCI host bridge to bus 5625:00
Mar 25 07:11:53 Kajetandell kernel: [    0.626670] pci_bus 5625:00: No busn resource found for root bus, will use [bus 00-ff]
Mar 25 07:11:53 Kajetandell kernel: [    0.627432] pci 5625:00:00.0: [1414:008e] type 00 class 0x030200
Mar 25 07:11:53 Kajetandell kernel: [    0.633390] pci_bus 5625:00: busn_res: [bus 00-ff] end is updated to 00
Mar 25 07:11:53 Kajetandell kernel: [    0.633592] ACPI: AC: AC Adapter [AC1] (off-line)
Mar 25 07:11:53 Kajetandell kernel: [    0.634867] ACPI: battery: Slot [BAT1] (battery present)
Mar 25 07:11:53 Kajetandell kernel: [    0.638291] Serial: 8250/16550 driver, 4 ports, IRQ sharing disabled
Mar 25 07:11:53 Kajetandell kernel: [    0.689314] Non-volatile memory driver v1.3
Mar 25 07:11:53 Kajetandell kernel: [    0.694404] [drm] Initialized vgem 1.0.0 20120112 for vgem on minor 0
Mar 25 07:11:53 Kajetandell kernel: [    0.698768] printk: console [hvc0] enabled
Mar 25 07:11:53 Kajetandell kernel: [    0.700830] brd: module loaded
Mar 25 07:11:53 Kajetandell kernel: [    0.703053] loop: module loaded
Mar 25 07:11:53 Kajetandell kernel: [    0.703910] hv_vmbus: registering driver hv_storvsc
Mar 25 07:11:53 Kajetandell kernel: [    0.705269] wireguard: WireGuard 1.0.0 loaded. See www.wireguard.com for information.
Mar 25 07:11:53 Kajetandell kernel: [    0.707020] wireguard: Copyright (C) 2015-2019 Jason A. Donenfeld <Jason@zx2c4.com>. All Rights Reserved.
Mar 25 07:11:53 Kajetandell kernel: [    0.709039] tun: Universal TUN/TAP device driver, 1.6
Mar 25 07:11:53 Kajetandell kernel: [    0.710166] PPP generic driver version 2.4.2
Mar 25 07:11:53 Kajetandell kernel: [    0.711122] scsi host0: storvsc_host_t
Mar 25 07:11:53 Kajetandell kernel: [    0.711445] PPP BSD Compression module registered
Mar 25 07:11:53 Kajetandell kernel: [    0.712654] PPP Deflate Compression module registered
Mar 25 07:11:53 Kajetandell kernel: [    0.713315] PPP MPPE Compression module registered
Mar 25 07:11:53 Kajetandell kernel: [    0.714252] NET: Registered PF_PPPOX protocol family
Mar 25 07:11:53 Kajetandell kernel: [    0.715155] usbcore: registered new interface driver cdc_ether
Mar 25 07:11:53 Kajetandell kernel: [    0.716080] usbcore: registered new interface driver cdc_ncm
Mar 25 07:11:53 Kajetandell kernel: [    0.717174] usbcore: registered new interface driver r8153_ecm
Mar 25 07:11:53 Kajetandell kernel: [    0.718433] hv_vmbus: registering driver hv_netvsc
Mar 25 07:11:53 Kajetandell kernel: [    0.719429] VFIO - User Level meta-driver version: 0.3
Mar 25 07:11:53 Kajetandell kernel: [    0.721101] usbcore: registered new interface driver cdc_acm
Mar 25 07:11:53 Kajetandell kernel: [    0.722315] cdc_acm: USB Abstract Control Model driver for USB modems and ISDN adapters
Mar 25 07:11:53 Kajetandell kernel: [    0.723872] usbcore: registered new interface driver ch341
Mar 25 07:11:53 Kajetandell kernel: [    0.724642] usbserial: USB Serial support registered for ch341-uart
Mar 25 07:11:53 Kajetandell kernel: [    0.725483] usbcore: registered new interface driver cp210x
Mar 25 07:11:53 Kajetandell kernel: [    0.726236] usbserial: USB Serial support registered for cp210x
Mar 25 07:11:53 Kajetandell kernel: [    0.727125] usbcore: registered new interface driver ftdi_sio
Mar 25 07:11:53 Kajetandell kernel: [    0.727849] usbserial: USB Serial support registered for FTDI USB Serial Device
Mar 25 07:11:53 Kajetandell kernel: [    0.729265] vhci_hcd vhci_hcd.0: USB/IP Virtual Host Controller
Mar 25 07:11:53 Kajetandell kernel: [    0.730327] vhci_hcd vhci_hcd.0: new USB bus registered, assigned bus number 1
Mar 25 07:11:53 Kajetandell kernel: [    0.731341] vhci_hcd: created sysfs vhci_hcd.0
Mar 25 07:11:53 Kajetandell kernel: [    0.732678] usb usb1: New USB device found, idVendor=1d6b, idProduct=0002, bcdDevice= 5.15
Mar 25 07:11:53 Kajetandell kernel: [    0.733802] usb usb1: New USB device strings: Mfr=3, Product=2, SerialNumber=1
Mar 25 07:11:53 Kajetandell kernel: [    0.735297] usb usb1: Product: USB/IP Virtual Host Controller
Mar 25 07:11:53 Kajetandell kernel: [    0.735985] usb usb1: Manufacturer: Linux 5.15.133.1-microsoft-standard-WSL2 vhci_hcd
Mar 25 07:11:53 Kajetandell kernel: [    0.736996] usb usb1: SerialNumber: vhci_hcd.0
Mar 25 07:11:53 Kajetandell kernel: [    0.738131] hub 1-0:1.0: USB hub found
Mar 25 07:11:53 Kajetandell kernel: [    0.739177] hub 1-0:1.0: 8 ports detected
Mar 25 07:11:53 Kajetandell kernel: [    0.740571] vhci_hcd vhci_hcd.0: USB/IP Virtual Host Controller
Mar 25 07:11:53 Kajetandell kernel: [    0.741764] vhci_hcd vhci_hcd.0: new USB bus registered, assigned bus number 2
Mar 25 07:11:53 Kajetandell kernel: [    0.743078] usb usb2: We don't know the algorithms for LPM for this host, disabling LPM.
Mar 25 07:11:53 Kajetandell kernel: [    0.745000] usb usb2: New USB device found, idVendor=1d6b, idProduct=0003, bcdDevice= 5.15
Mar 25 07:11:53 Kajetandell kernel: [    0.746099] usb usb2: New USB device strings: Mfr=3, Product=2, SerialNumber=1
Mar 25 07:11:53 Kajetandell kernel: [    0.747255] usb usb2: Product: USB/IP Virtual Host Controller
Mar 25 07:11:53 Kajetandell kernel: [    0.748335] usb usb2: Manufacturer: Linux 5.15.133.1-microsoft-standard-WSL2 vhci_hcd
Mar 25 07:11:53 Kajetandell kernel: [    0.749682] usb usb2: SerialNumber: vhci_hcd.0
Mar 25 07:11:53 Kajetandell kernel: [    0.750705] hub 2-0:1.0: USB hub found
Mar 25 07:11:53 Kajetandell kernel: [    0.751419] hub 2-0:1.0: 8 ports detected
Mar 25 07:11:53 Kajetandell kernel: [    0.752450] hv_vmbus: registering driver hyperv_keyboard
Mar 25 07:11:53 Kajetandell kernel: [    0.753403] rtc_cmos 00:00: RTC can wake from S4
Mar 25 07:11:53 Kajetandell kernel: [    0.756633] rtc_cmos 00:00: registered as rtc0
Mar 25 07:11:53 Kajetandell kernel: [    0.758654] rtc_cmos 00:00: setting system clock to 2024-03-25T06:11:50 UTC (1711347110)
Mar 25 07:11:53 Kajetandell kernel: [    0.760616] rtc_cmos 00:00: alarms up to one month, 114 bytes nvram
Mar 25 07:11:53 Kajetandell kernel: [    0.762182] device-mapper: ioctl: 4.45.0-ioctl (2021-03-22) initialised: dm-devel@redhat.com
Mar 25 07:11:53 Kajetandell kernel: [    0.764046] device-mapper: raid: Loading target version 1.15.1
Mar 25 07:11:53 Kajetandell kernel: [    0.765522] usbcore: registered new interface driver usbhid
Mar 25 07:11:53 Kajetandell kernel: [    0.766455] usbhid: USB HID core driver
Mar 25 07:11:53 Kajetandell kernel: [    0.767281] hv_utils: Registering HyperV Utility Driver
Mar 25 07:11:53 Kajetandell kernel: [    0.768391] hv_vmbus: registering driver hv_utils
Mar 25 07:11:53 Kajetandell kernel: [    0.769639] hv_vmbus: registering driver hv_balloon
Mar 25 07:11:53 Kajetandell kernel: [    0.770823] hv_utils: TimeSync IC version 4.0
Mar 25 07:11:53 Kajetandell kernel: [    0.771042] hv_vmbus: registering driver dxgkrnl
Mar 25 07:11:53 Kajetandell kernel: [    0.772747] hv_balloon: Using Dynamic Memory protocol version 2.0
Mar 25 07:11:53 Kajetandell kernel: [    0.774460] drop_monitor: Initializing network drop monitor service
Mar 25 07:11:53 Kajetandell kernel: [    0.775223] Mirror/redirect action on
Mar 25 07:11:53 Kajetandell kernel: [    0.775702] Free page reporting enabled
Mar 25 07:11:53 Kajetandell kernel: [    0.775707] u32 classifier
Mar 25 07:11:53 Kajetandell kernel: [    0.776522] hv_balloon: Cold memory discard hint enabled with order 9
Mar 25 07:11:53 Kajetandell kernel: [    0.776912]     Performance counters on
Mar 25 07:11:53 Kajetandell kernel: [    0.778493]     input device check on
Mar 25 07:11:53 Kajetandell kernel: [    0.779026]     Actions configured
Mar 25 07:11:53 Kajetandell kernel: [    0.780732] IPVS: Registered protocols (TCP, UDP)
Mar 25 07:11:53 Kajetandell kernel: [    0.781607] IPVS: Connection hash table configured (size=4096, memory=32Kbytes)
Mar 25 07:11:53 Kajetandell kernel: [    0.783036] IPVS: ipvs loaded.
Mar 25 07:11:53 Kajetandell kernel: [    0.783809] IPVS: [rr] scheduler registered.
Mar 25 07:11:53 Kajetandell kernel: [    0.784760] IPVS: [wrr] scheduler registered.
Mar 25 07:11:53 Kajetandell kernel: [    0.785499] IPVS: [sh] scheduler registered.
Mar 25 07:11:53 Kajetandell kernel: [    0.786753] ipip: IPv4 and MPLS over IPv4 tunneling driver
Mar 25 07:11:53 Kajetandell kernel: [    0.787780] ipt_CLUSTERIP: ClusterIP Version 0.8 loaded successfully
Mar 25 07:11:53 Kajetandell kernel: [    0.788831] Initializing XFRM netlink socket
Mar 25 07:11:53 Kajetandell kernel: [    0.789793] NET: Registered PF_INET6 protocol family
Mar 25 07:11:53 Kajetandell kernel: [    0.791903] Segment Routing with IPv6
Mar 25 07:11:53 Kajetandell kernel: [    0.792808] In-situ OAM (IOAM) with IPv6
Mar 25 07:11:53 Kajetandell kernel: [    0.794067] sit: IPv6, IPv4 and MPLS over IPv4 tunneling driver
Mar 25 07:11:53 Kajetandell kernel: [    0.795620] NET: Registered PF_PACKET protocol family
Mar 25 07:11:53 Kajetandell kernel: [    0.796778] Bridge firewalling registered
Mar 25 07:11:53 Kajetandell kernel: [    0.797540] 8021q: 802.1Q VLAN Support v1.8
Mar 25 07:11:53 Kajetandell kernel: [    0.798516] sctp: Hash tables configured (bind 256/256)
Mar 25 07:11:53 Kajetandell kernel: [    0.799571] 9pnet: Installing 9P2000 support
Mar 25 07:11:53 Kajetandell kernel: [    0.800635] Key type dns_resolver registered
Mar 25 07:11:53 Kajetandell kernel: [    0.801754] Key type ceph registered
Mar 25 07:11:53 Kajetandell kernel: [    0.802818] libceph: loaded (mon/osd proto 15/24)
Mar 25 07:11:53 Kajetandell kernel: [    0.804231] NET: Registered PF_VSOCK protocol family
Mar 25 07:11:53 Kajetandell kernel: [    0.805342] hv_vmbus: registering driver hv_sock
Mar 25 07:11:53 Kajetandell kernel: [    0.806505] IPI shorthand broadcast: enabled
Mar 25 07:11:53 Kajetandell kernel: [    0.807566] sched_clock: Marking stable (803940600, 272800)->(825420600, -21207200)
Mar 25 07:11:53 Kajetandell kernel: [    0.810697] registered taskstats version 1
Mar 25 07:11:53 Kajetandell kernel: [    0.813264] Loading compiled-in X.509 certificates
Mar 25 07:11:53 Kajetandell kernel: [    0.818282] Btrfs loaded, crc32c=crc32c-generic, zoned=no, fsverity=no
Mar 25 07:11:53 Kajetandell kernel: [    0.819272] hv_vmbus: Unknown GUID: 6e382d18-3336-4f4b-acc4-2b7703d4df4a
Mar 25 07:11:53 Kajetandell kernel: [    0.821297] hv_pci 73559279-ac4e-4a1b-ae84-517472fbe5f1: PCI VMBus probing: Using version 0x10004
Mar 25 07:11:53 Kajetandell kernel: [    0.823247] Freeing unused kernel image (initmem) memory: 2008K
Mar 25 07:11:53 Kajetandell kernel: [    0.824120] hv_pci 73559279-ac4e-4a1b-ae84-517472fbe5f1: PCI host bridge to bus ac4e:00
Mar 25 07:11:53 Kajetandell kernel: [    0.825259] pci_bus ac4e:00: No busn resource found for root bus, will use [bus 00-ff]
Mar 25 07:11:53 Kajetandell kernel: [    0.827132] pci ac4e:00:00.0: [1414:008e] type 00 class 0x030200
Mar 25 07:11:53 Kajetandell kernel: [    0.833685] pci_bus ac4e:00: busn_res: [bus 00-ff] end is updated to 00
Mar 25 07:11:53 Kajetandell kernel: [    0.880476] Write protecting the kernel read-only data: 30720k
Mar 25 07:11:53 Kajetandell kernel: [    0.885610] Freeing unused kernel image (text/rodata gap) memory: 2024K
Mar 25 07:11:53 Kajetandell kernel: [    0.888789] Freeing unused kernel image (rodata/data gap) memory: 504K
Mar 25 07:11:53 Kajetandell kernel: [    0.891464] Run /init as init process
Mar 25 07:11:53 Kajetandell kernel: [    0.892774]   with arguments:
Mar 25 07:11:53 Kajetandell kernel: [    0.894301]     /init
Mar 25 07:11:53 Kajetandell kernel: [    0.895190]   with environment:
Mar 25 07:11:53 Kajetandell kernel: [    0.896551]     HOME=/
Mar 25 07:11:53 Kajetandell kernel: [    0.897434]     TERM=linux
Mar 25 07:11:53 Kajetandell kernel: [    0.898427]     WSL_ROOT_INIT=1
Mar 25 07:11:53 Kajetandell kernel: [    0.914298] scsi 0:0:0:0: Direct-Access     Msft     Virtual Disk     1.0  PQ: 0 ANSI: 5
Mar 25 07:11:53 Kajetandell kernel: [    0.951256] sd 0:0:0:0: Attached scsi generic sg0 type 0
Mar 25 07:11:53 Kajetandell kernel: [    0.954108] sd 0:0:0:0: [sda] 798352 512-byte logical blocks: (409 MB/390 MiB)
Mar 25 07:11:53 Kajetandell kernel: [    0.954618] scsi 0:0:0:1: Direct-Access     Msft     Virtual Disk     1.0  PQ: 0 ANSI: 5
Mar 25 07:11:53 Kajetandell kernel: [    0.956194] sd 0:0:0:0: [sda] Write Protect is on
Mar 25 07:11:53 Kajetandell kernel: [    0.958437] sd 0:0:0:0: [sda] Mode Sense: 0f 00 80 00
Mar 25 07:11:53 Kajetandell kernel: [    0.959709] sd 0:0:0:0: [sda] Write cache: disabled, read cache: enabled, doesn't support DPO or FUA
Mar 25 07:11:53 Kajetandell kernel: [    0.967725] sd 0:0:0:0: [sda] Attached SCSI disk
Mar 25 07:11:53 Kajetandell kernel: [    0.973395] sd 0:0:0:1: Attached scsi generic sg1 type 0
Mar 25 07:11:53 Kajetandell kernel: [    0.974853] sd 0:0:0:1: [sdb] 8388616 512-byte logical blocks: (4.29 GB/4.00 GiB)
Mar 25 07:11:53 Kajetandell kernel: [    0.976547] sd 0:0:0:1: [sdb] 4096-byte physical blocks
Mar 25 07:11:53 Kajetandell kernel: [    0.978156] sd 0:0:0:1: [sdb] Write Protect is off
Mar 25 07:11:53 Kajetandell kernel: [    0.979394] sd 0:0:0:1: [sdb] Mode Sense: 0f 00 00 00
Mar 25 07:11:53 Kajetandell kernel: [    0.981752] sd 0:0:0:1: [sdb] Write cache: enabled, read cache: enabled, doesn't support DPO or FUA
Mar 25 07:11:53 Kajetandell kernel: [    0.990975] sd 0:0:0:1: [sdb] Attached SCSI disk
Mar 25 07:11:53 Kajetandell kernel: [    1.018416] EXT4-fs (sda): mounted filesystem without journal. Opts: (null). Quota mode: none.
Mar 25 07:11:53 Kajetandell kernel: [    1.085731] Adding 4194304k swap on /dev/sdb.  Priority:-2 extents:1 across:4194304k 
Mar 25 07:11:53 Kajetandell kernel: [    1.196027] IPv6: ADDRCONF(NETDEV_CHANGE): eth0: link becomes ready
Mar 25 07:11:53 Kajetandell kernel: [    1.350285] hv_pci c5274408-ab23-41f9-96d3-4266a5f108a3: PCI VMBus probing: Using version 0x10004
Mar 25 07:11:53 Kajetandell kernel: [    1.353240] hv_pci c5274408-ab23-41f9-96d3-4266a5f108a3: PCI host bridge to bus ab23:00
Mar 25 07:11:53 Kajetandell kernel: [    1.354592] pci_bus ab23:00: root bus resource [mem 0xc00000000-0xe00001fff window]
Mar 25 07:11:53 Kajetandell kernel: [    1.355650] pci_bus ab23:00: No busn resource found for root bus, will use [bus 00-ff]
Mar 25 07:11:53 Kajetandell kernel: [    1.357924] pci ab23:00:00.0: [1af4:105a] type 00 class 0x088000
Mar 25 07:11:53 Kajetandell kernel: [    1.362052] pci ab23:00:00.0: reg 0x10: [mem 0xe00000000-0xe00000fff 64bit]
Mar 25 07:11:53 Kajetandell kernel: [    1.365251] pci ab23:00:00.0: reg 0x18: [mem 0xe00001000-0xe00001fff 64bit]
Mar 25 07:11:53 Kajetandell kernel: [    1.368852] pci ab23:00:00.0: reg 0x20: [mem 0xc00000000-0xdffffffff 64bit]
Mar 25 07:11:53 Kajetandell kernel: [    1.376729] pci_bus ab23:00: busn_res: [bus 00-ff] end is updated to 00
Mar 25 07:11:53 Kajetandell kernel: [    1.378013] pci ab23:00:00.0: BAR 4: assigned [mem 0xc00000000-0xdffffffff 64bit]
Mar 25 07:11:53 Kajetandell kernel: [    1.381489] pci ab23:00:00.0: BAR 0: assigned [mem 0xe00000000-0xe00000fff 64bit]
Mar 25 07:11:53 Kajetandell kernel: [    1.385077] pci ab23:00:00.0: BAR 2: assigned [mem 0xe00001000-0xe00001fff 64bit]
Mar 25 07:11:53 Kajetandell kernel: [    1.405344] virtiofs virtio1: Cache len: 0x200000000 @ 0xc00000000
Mar 25 07:11:53 Kajetandell kernel: [    1.492789] memmap_init_zone_device initialised 2097152 pages in 50ms
Mar 25 07:11:53 Kajetandell kernel: [    1.504230] FS-Cache: Duplicate cookie detected
Mar 25 07:11:53 Kajetandell kernel: [    1.505249] FS-Cache: O-cookie c=00000004 [p=00000002 fl=222 nc=0 na=1]
Mar 25 07:11:53 Kajetandell kernel: [    1.506286] FS-Cache: O-cookie d=000000004d452f26{9P.session} n=00000000ac6f3a2b
Mar 25 07:11:53 Kajetandell kernel: [    1.507506] FS-Cache: O-key=[10] '34323934393337343338'
Mar 25 07:11:53 Kajetandell kernel: [    1.508462] FS-Cache: N-cookie c=00000005 [p=00000002 fl=2 nc=0 na=1]
Mar 25 07:11:53 Kajetandell kernel: [    1.509505] FS-Cache: N-cookie d=000000004d452f26{9P.session} n=00000000a42cbf91
Mar 25 07:11:53 Kajetandell kernel: [    1.510915] FS-Cache: N-key=[10] '34323934393337343338'
Mar 25 07:11:53 Kajetandell kernel: [    1.536306] scsi 0:0:0:2: Direct-Access     Msft     Virtual Disk     1.0  PQ: 0 ANSI: 5
Mar 25 07:11:53 Kajetandell kernel: [    1.549905] sd 0:0:0:2: Attached scsi generic sg2 type 0
Mar 25 07:11:53 Kajetandell kernel: [    1.551421] sd 0:0:0:2: [sdc] 2147483648 512-byte logical blocks: (1.10 TB/1.00 TiB)
Mar 25 07:11:53 Kajetandell kernel: [    1.552841] sd 0:0:0:2: [sdc] 4096-byte physical blocks
Mar 25 07:11:53 Kajetandell kernel: [    1.553928] sd 0:0:0:2: [sdc] Write Protect is off
Mar 25 07:11:53 Kajetandell kernel: [    1.554738] sd 0:0:0:2: [sdc] Mode Sense: 0f 00 00 00
Mar 25 07:11:53 Kajetandell kernel: [    1.555783] sd 0:0:0:2: [sdc] Write cache: enabled, read cache: enabled, doesn't support DPO or FUA
Mar 25 07:11:53 Kajetandell kernel: [    1.562586] sd 0:0:0:2: [sdc] Attached SCSI disk
Mar 25 07:11:53 Kajetandell kernel: [    1.578573] EXT4-fs (sdc): mounted filesystem with ordered data mode. Opts: discard,errors=remount-ro,data=ordered. Quota mode: none.
Mar 25 07:11:53 Kajetandell kernel: [    3.130517] misc dxg: dxgk: dxgkio_query_adapter_info: Ioctl failed: -22
Mar 25 07:11:53 Kajetandell kernel: [    3.131916] misc dxg: dxgk: dxgkio_query_adapter_info: Ioctl failed: -22
Mar 25 07:11:53 Kajetandell kernel: [    3.133622] misc dxg: dxgk: dxgkio_query_adapter_info: Ioctl failed: -22
Mar 25 07:11:53 Kajetandell kernel: [    3.134977] misc dxg: dxgk: dxgkio_query_adapter_info: Ioctl failed: -2
Mar 25 07:11:53 Kajetandell kernel: [    3.138231] misc dxg: dxgk: dxgkio_query_adapter_info: Ioctl failed: -22
Mar 25 07:11:53 Kajetandell kernel: [    3.139642] misc dxg: dxgk: dxgkio_query_adapter_info: Ioctl failed: -22
Mar 25 07:11:53 Kajetandell kernel: [    3.141020] misc dxg: dxgk: dxgkio_query_adapter_info: Ioctl failed: -22
Mar 25 07:11:53 Kajetandell kernel: [    3.142719] misc dxg: dxgk: dxgkio_query_adapter_info: Ioctl failed: -2
Mar 25 07:12:39 Kajetandell kernel: [   49.640335] hv_balloon: Max. dynamic memory size: 16246 MB
Mar 25 20:25:59 Kajetandell kernel: [    0.000000] Linux version 5.15.133.1-microsoft-standard-WSL2 (root@1c602f52c2e4) (gcc (GCC) 11.2.0, GNU ld (GNU Binutils) 2.37) #1 SMP Thu Oct 5 21:02:42 UTC 2023
Mar 25 20:25:59 Kajetandell kernel: [    0.000000] Command line: initrd=\initrd.img WSL_ROOT_INIT=1 panic=-1 nr_cpus=16 bonding.max_bonds=0 dummy.numdummies=0 fb_tunnels=none console=hvc0 debug pty.legacy_count=0
Mar 25 20:25:59 Kajetandell kernel: [    0.000000] KERNEL supported cpus:
Mar 25 20:25:59 Kajetandell kernel: [    0.000000]   Intel GenuineIntel
Mar 25 20:25:59 Kajetandell kernel: [    0.000000]   AMD AuthenticAMD
Mar 25 20:25:59 Kajetandell kernel: [    0.000000]   Centaur CentaurHauls
Mar 25 20:25:59 Kajetandell kernel: [    0.000000] BIOS-provided physical RAM map:
Mar 25 20:25:59 Kajetandell kernel: [    0.000000] BIOS-e820: [mem 0x0000000000000000-0x000000000009ffff] usable
Mar 25 20:25:59 Kajetandell kernel: [    0.000000] BIOS-e820: [mem 0x00000000000e0000-0x00000000000e0fff] reserved
Mar 25 20:25:59 Kajetandell kernel: [    0.000000] BIOS-e820: [mem 0x0000000000100000-0x00000000001fffff] ACPI data
Mar 25 20:25:59 Kajetandell kernel: [    0.000000] BIOS-e820: [mem 0x0000000000200000-0x00000000f7ffffff] usable
Mar 25 20:25:59 Kajetandell kernel: [    0.000000] BIOS-e820: [mem 0x0000000100000000-0x00000003ff5fffff] usable
Mar 25 20:25:59 Kajetandell kernel: [    0.000000] NX (Execute Disable) protection: active
Mar 25 20:25:59 Kajetandell kernel: [    0.000000] DMI not present or invalid.
Mar 25 20:25:59 Kajetandell kernel: [    0.000000] Hypervisor detected: Microsoft Hyper-V
Mar 25 20:25:59 Kajetandell kernel: [    0.000000] Hyper-V: privilege flags low 0x2e7f, high 0x3b8030, hints 0x24c2c, misc 0xe4bed7b6
Mar 25 20:25:59 Kajetandell kernel: [    0.000000] Hyper-V Host Build:22621-10.0-3-0.3296
Mar 25 20:25:59 Kajetandell kernel: [    0.000000] Hyper-V: Nested features: 0x3e0101
Mar 25 20:25:59 Kajetandell kernel: [    0.000000] Hyper-V: LAPIC Timer Frequency: 0x1e8480
Mar 25 20:25:59 Kajetandell kernel: [    0.000000] Hyper-V: Using hypercall for remote TLB flush
Mar 25 20:25:59 Kajetandell kernel: [    0.000000] clocksource: hyperv_clocksource_tsc_page: mask: 0xffffffffffffffff max_cycles: 0x24e6a1710, max_idle_ns: 440795202120 ns
Mar 25 20:25:59 Kajetandell kernel: [    0.000001] tsc: Marking TSC unstable due to running on Hyper-V
Mar 25 20:25:59 Kajetandell kernel: [    0.000003] tsc: Detected 2400.008 MHz processor
Mar 25 20:25:59 Kajetandell kernel: [    0.000011] e820: update [mem 0x00000000-0x00000fff] usable ==> reserved
Mar 25 20:25:59 Kajetandell kernel: [    0.000013] e820: remove [mem 0x000a0000-0x000fffff] usable
Mar 25 20:25:59 Kajetandell kernel: [    0.000016] last_pfn = 0x3ff600 max_arch_pfn = 0x400000000
Mar 25 20:25:59 Kajetandell kernel: [    0.000035] x86/PAT: Configuration [0-7]: WB  WC  UC- UC  WB  WP  UC- WT  
Mar 25 20:25:59 Kajetandell kernel: [    0.000044] last_pfn = 0xf8000 max_arch_pfn = 0x400000000
Mar 25 20:25:59 Kajetandell kernel: [    0.000051] Using GB pages for direct mapping
Mar 25 20:25:59 Kajetandell kernel: [    0.000342] RAMDISK: [mem 0x03de5000-0x03fe7fff]
Mar 25 20:25:59 Kajetandell kernel: [    0.000345] ACPI: Early table checksum verification disabled
Mar 25 20:25:59 Kajetandell kernel: [    0.000347] ACPI: RSDP 0x00000000000E0000 000024 (v02 VRTUAL)
Mar 25 20:25:59 Kajetandell kernel: [    0.000351] ACPI: XSDT 0x0000000000100000 000044 (v01 VRTUAL MICROSFT 00000001 MSFT 00000001)
Mar 25 20:25:59 Kajetandell kernel: [    0.000355] ACPI: FACP 0x0000000000101000 000114 (v06 VRTUAL MICROSFT 00000001 MSFT 00000001)
Mar 25 20:25:59 Kajetandell kernel: [    0.000359] ACPI: DSDT 0x00000000001011B8 01E191 (v02 MSFTVM DSDT01   00000001 MSFT 05000000)
Mar 25 20:25:59 Kajetandell kernel: [    0.000362] ACPI: FACS 0x0000000000101114 000040
Mar 25 20:25:59 Kajetandell kernel: [    0.000364] ACPI: OEM0 0x0000000000101154 000064 (v01 VRTUAL MICROSFT 00000001 MSFT 00000001)
Mar 25 20:25:59 Kajetandell kernel: [    0.000367] ACPI: SRAT 0x000000000011F349 0003B0 (v02 VRTUAL MICROSFT 00000001 MSFT 00000001)
Mar 25 20:25:59 Kajetandell kernel: [    0.000370] ACPI: APIC 0x000000000011F6F9 0000C8 (v04 VRTUAL MICROSFT 00000001 MSFT 00000001)
Mar 25 20:25:59 Kajetandell kernel: [    0.000372] ACPI: Reserving FACP table memory at [mem 0x101000-0x101113]
Mar 25 20:25:59 Kajetandell kernel: [    0.000373] ACPI: Reserving DSDT table memory at [mem 0x1011b8-0x11f348]
Mar 25 20:25:59 Kajetandell kernel: [    0.000374] ACPI: Reserving FACS table memory at [mem 0x101114-0x101153]
Mar 25 20:25:59 Kajetandell kernel: [    0.000375] ACPI: Reserving OEM0 table memory at [mem 0x101154-0x1011b7]
Mar 25 20:25:59 Kajetandell kernel: [    0.000376] ACPI: Reserving SRAT table memory at [mem 0x11f349-0x11f6f8]
Mar 25 20:25:59 Kajetandell kernel: [    0.000376] ACPI: Reserving APIC table memory at [mem 0x11f6f9-0x11f7c0]
Mar 25 20:25:59 Kajetandell kernel: [    0.000574] Zone ranges:
Mar 25 20:25:59 Kajetandell kernel: [    0.000576]   DMA      [mem 0x0000000000001000-0x0000000000ffffff]
Mar 25 20:25:59 Kajetandell kernel: [    0.000578]   DMA32    [mem 0x0000000001000000-0x00000000ffffffff]
Mar 25 20:25:59 Kajetandell kernel: [    0.000579]   Normal   [mem 0x0000000100000000-0x00000003ff5fffff]
Mar 25 20:25:59 Kajetandell kernel: [    0.000580]   Device   empty
Mar 25 20:25:59 Kajetandell kernel: [    0.000581] Movable zone start for each node
Mar 25 20:25:59 Kajetandell kernel: [    0.000582] Early memory node ranges
Mar 25 20:25:59 Kajetandell kernel: [    0.000582]   node   0: [mem 0x0000000000001000-0x000000000009ffff]
Mar 25 20:25:59 Kajetandell kernel: [    0.000583]   node   0: [mem 0x0000000000200000-0x00000000f7ffffff]
Mar 25 20:25:59 Kajetandell kernel: [    0.000584]   node   0: [mem 0x0000000100000000-0x00000003ff5fffff]
Mar 25 20:25:59 Kajetandell kernel: [    0.000586] Initmem setup node 0 [mem 0x0000000000001000-0x00000003ff5fffff]
Mar 25 20:25:59 Kajetandell kernel: [    0.000760] On node 0, zone DMA: 1 pages in unavailable ranges
Mar 25 20:25:59 Kajetandell kernel: [    0.000780] On node 0, zone DMA: 352 pages in unavailable ranges
Mar 25 20:25:59 Kajetandell kernel: [    0.011508] On node 0, zone Normal: 2560 pages in unavailable ranges
Mar 25 20:25:59 Kajetandell kernel: [    0.011540] ACPI: LAPIC_NMI (acpi_id[0x01] dfl dfl lint[0x1])
Mar 25 20:25:59 Kajetandell kernel: [    0.011818] IOAPIC[0]: apic_id 16, version 17, address 0xfec00000, GSI 0-23
Mar 25 20:25:59 Kajetandell kernel: [    0.011823] ACPI: INT_SRC_OVR (bus 0 bus_irq 9 global_irq 9 high level)
Mar 25 20:25:59 Kajetandell kernel: [    0.011827] ACPI: Using ACPI (MADT) for SMP configuration information
Mar 25 20:25:59 Kajetandell kernel: [    0.011831] smpboot: Allowing 16 CPUs, 0 hotplug CPUs
Mar 25 20:25:59 Kajetandell kernel: [    0.011837] [mem 0xf8000000-0xffffffff] available for PCI devices
Mar 25 20:25:59 Kajetandell kernel: [    0.011838] Booting paravirtualized kernel on Hyper-V
Mar 25 20:25:59 Kajetandell kernel: [    0.011840] clocksource: refined-jiffies: mask: 0xffffffff max_cycles: 0xffffffff, max_idle_ns: 19112604462750000 ns
Mar 25 20:25:59 Kajetandell kernel: [    0.016205] setup_percpu: NR_CPUS:256 nr_cpumask_bits:256 nr_cpu_ids:16 nr_node_ids:1
Mar 25 20:25:59 Kajetandell kernel: [    0.016753] percpu: Embedded 53 pages/cpu s177624 r8192 d31272 u262144
Mar 25 20:25:59 Kajetandell kernel: [    0.016758] pcpu-alloc: s177624 r8192 d31272 u262144 alloc=1*2097152
Mar 25 20:25:59 Kajetandell kernel: [    0.016760] pcpu-alloc: [0] 00 01 02 03 04 05 06 07 [0] 08 09 10 11 12 13 14 15 
Mar 25 20:25:59 Kajetandell kernel: [    0.016773] Hyper-V: PV spinlocks enabled
Mar 25 20:25:59 Kajetandell kernel: [    0.016775] PV qspinlock hash table entries: 256 (order: 0, 4096 bytes, linear)
Mar 25 20:25:59 Kajetandell kernel: [    0.016778] Built 1 zonelists, mobility grouping on.  Total pages: 4092973
Mar 25 20:25:59 Kajetandell kernel: [    0.016780] Kernel command line: initrd=\initrd.img WSL_ROOT_INIT=1 panic=-1 nr_cpus=16 bonding.max_bonds=0 dummy.numdummies=0 fb_tunnels=none console=hvc0 debug pty.legacy_count=0
Mar 25 20:25:59 Kajetandell kernel: [    0.016850] Unknown kernel command line parameters "WSL_ROOT_INIT=1", will be passed to user space.
Mar 25 20:25:59 Kajetandell kernel: [    0.018699] Dentry cache hash table entries: 2097152 (order: 12, 16777216 bytes, linear)
Mar 25 20:25:59 Kajetandell kernel: [    0.019640] Inode-cache hash table entries: 1048576 (order: 11, 8388608 bytes, linear)
Mar 25 20:25:59 Kajetandell kernel: [    0.019829] mem auto-init: stack:off, heap alloc:off, heap free:off
Mar 25 20:25:59 Kajetandell kernel: [    0.040721] Memory: 4081336K/16634492K available (18452K kernel code, 2632K rwdata, 9736K rodata, 2008K init, 1780K bss, 400188K reserved, 0K cma-reserved)
Mar 25 20:25:59 Kajetandell kernel: [    0.040769] SLUB: HWalign=64, Order=0-3, MinObjects=0, CPUs=16, Nodes=1
Mar 25 20:25:59 Kajetandell kernel: [    0.040783] ftrace: allocating 53235 entries in 208 pages
Mar 25 20:25:59 Kajetandell kernel: [    0.060970] ftrace: allocated 208 pages with 3 groups
Mar 25 20:25:59 Kajetandell kernel: [    0.061301] rcu: Hierarchical RCU implementation.
Mar 25 20:25:59 Kajetandell kernel: [    0.061304] rcu: 	RCU restricting CPUs from NR_CPUS=256 to nr_cpu_ids=16.
Mar 25 20:25:59 Kajetandell kernel: [    0.061305] 	Rude variant of Tasks RCU enabled.
Mar 25 20:25:59 Kajetandell kernel: [    0.061306] 	Tracing variant of Tasks RCU enabled.
Mar 25 20:25:59 Kajetandell kernel: [    0.061308] rcu: RCU calculated value of scheduler-enlistment delay is 10 jiffies.
Mar 25 20:25:59 Kajetandell kernel: [    0.061309] rcu: Adjusting geometry for rcu_fanout_leaf=16, nr_cpu_ids=16
Mar 25 20:25:59 Kajetandell kernel: [    0.065050] Using NULL legacy PIC
Mar 25 20:25:59 Kajetandell kernel: [    0.065051] NR_IRQS: 16640, nr_irqs: 552, preallocated irqs: 0
Mar 25 20:25:59 Kajetandell kernel: [    0.065363] random: crng init done
Mar 25 20:25:59 Kajetandell kernel: [    0.065386] Console: colour dummy device 80x25
Mar 25 20:25:59 Kajetandell kernel: [    0.065395] ACPI: Core revision 20210730
Mar 25 20:25:59 Kajetandell kernel: [    0.065460] Failed to register legacy timer interrupt
Mar 25 20:25:59 Kajetandell kernel: [    0.065461] APIC: Switch to symmetric I/O mode setup
Mar 25 20:25:59 Kajetandell kernel: [    0.065462] Switched APIC routing to physical flat.
Mar 25 20:25:59 Kajetandell kernel: [    0.065478] Hyper-V: Using IPI hypercalls
Mar 25 20:25:59 Kajetandell kernel: [    0.065479] Hyper-V: Using enlightened APIC (xapic mode)
Mar 25 20:25:59 Kajetandell kernel: [    0.065562] Calibrating delay loop (skipped), value calculated using timer frequency.. 4800.01 BogoMIPS (lpj=24000080)
Mar 25 20:25:59 Kajetandell kernel: [    0.065658] Last level iTLB entries: 4KB 64, 2MB 8, 4MB 8
Mar 25 20:25:59 Kajetandell kernel: [    0.065660] Last level dTLB entries: 4KB 64, 2MB 0, 4MB 0, 1GB 4
Mar 25 20:25:59 Kajetandell kernel: [    0.065665] Spectre V1 : Mitigation: usercopy/swapgs barriers and __user pointer sanitization
Mar 25 20:25:59 Kajetandell kernel: [    0.065667] Spectre V2 : Mitigation: Enhanced IBRS
Mar 25 20:25:59 Kajetandell kernel: [    0.065668] Spectre V2 : Spectre v2 / SpectreRSB mitigation: Filling RSB on context switch
Mar 25 20:25:59 Kajetandell kernel: [    0.065668] Spectre V2 : Spectre v2 / PBRSB-eIBRS: Retire a single CALL on VMEXIT
Mar 25 20:25:59 Kajetandell kernel: [    0.065669] RETBleed: Mitigation: Enhanced IBRS
Mar 25 20:25:59 Kajetandell kernel: [    0.065670] Spectre V2 : mitigation: Enabling conditional Indirect Branch Prediction Barrier
Mar 25 20:25:59 Kajetandell kernel: [    0.065671] Speculative Store Bypass: Mitigation: Speculative Store Bypass disabled via prctl and seccomp
Mar 25 20:25:59 Kajetandell kernel: [    0.065675] TAA: Mitigation: TSX disabled
Mar 25 20:25:59 Kajetandell kernel: [    0.065676] MMIO Stale Data: Mitigation: Clear CPU buffers
Mar 25 20:25:59 Kajetandell kernel: [    0.065677] SRBDS: Unknown: Dependent on hypervisor status
Mar 25 20:25:59 Kajetandell kernel: [    0.065678] GDS: Unknown: Dependent on hypervisor status
Mar 25 20:25:59 Kajetandell kernel: [    0.065687] x86/fpu: Supporting XSAVE feature 0x001: 'x87 floating point registers'
Mar 25 20:25:59 Kajetandell kernel: [    0.065688] x86/fpu: Supporting XSAVE feature 0x002: 'SSE registers'
Mar 25 20:25:59 Kajetandell kernel: [    0.065689] x86/fpu: Supporting XSAVE feature 0x004: 'AVX registers'
Mar 25 20:25:59 Kajetandell kernel: [    0.065691] x86/fpu: xstate_offset[2]:  576, xstate_sizes[2]:  256
Mar 25 20:25:59 Kajetandell kernel: [    0.065692] x86/fpu: Enabled xstate features 0x7, context size is 832 bytes, using 'compacted' format.
Mar 25 20:25:59 Kajetandell kernel: [    0.075559] Freeing SMP alternatives memory: 60K
Mar 25 20:25:59 Kajetandell kernel: [    0.075559] pid_max: default: 32768 minimum: 301
Mar 25 20:25:59 Kajetandell kernel: [    0.075559] LSM: Security Framework initializing
Mar 25 20:25:59 Kajetandell kernel: [    0.075559] landlock: Up and running.
Mar 25 20:25:59 Kajetandell kernel: [    0.075559] Mount-cache hash table entries: 32768 (order: 6, 262144 bytes, linear)
Mar 25 20:25:59 Kajetandell kernel: [    0.075559] Mountpoint-cache hash table entries: 32768 (order: 6, 262144 bytes, linear)
Mar 25 20:25:59 Kajetandell kernel: [    0.075559] smpboot: CPU0: Intel(R) Core(TM) i9-9980HK CPU @ 2.40GHz (family: 0x6, model: 0x9e, stepping: 0xd)
Mar 25 20:25:59 Kajetandell kernel: [    0.075559] Performance Events: Skylake events, 32-deep LBR, full-width counters, Intel PMU driver.
Mar 25 20:25:59 Kajetandell kernel: [    0.075559] ... version:                4
Mar 25 20:25:59 Kajetandell kernel: [    0.075559] ... bit width:              48
Mar 25 20:25:59 Kajetandell kernel: [    0.075559] ... generic registers:      4
Mar 25 20:25:59 Kajetandell kernel: [    0.075559] ... value mask:             0000ffffffffffff
Mar 25 20:25:59 Kajetandell kernel: [    0.075559] ... max period:             00007fffffffffff
Mar 25 20:25:59 Kajetandell kernel: [    0.075559] ... fixed-purpose events:   3
Mar 25 20:25:59 Kajetandell kernel: [    0.075559] ... event mask:             000000070000000f
Mar 25 20:25:59 Kajetandell kernel: [    0.075559] signal: max sigframe size: 1776
Mar 25 20:25:59 Kajetandell kernel: [    0.075559] rcu: Hierarchical SRCU implementation.
Mar 25 20:25:59 Kajetandell kernel: [    0.075559] smp: Bringing up secondary CPUs ...
Mar 25 20:25:59 Kajetandell kernel: [    0.075559] x86: Booting SMP configuration:
Mar 25 20:25:59 Kajetandell kernel: [    0.075559] .... node  #0, CPUs:        #1
Mar 25 20:25:59 Kajetandell kernel: [    0.075559] MMIO Stale Data CPU bug present and SMT on, data leak possible. See https://www.kernel.org/doc/html/latest/admin-guide/hw-vuln/processor_mmio_stale_data.html for more details.
Mar 25 20:25:59 Kajetandell kernel: [    0.075559]   #2  #3  #4  #5  #6  #7  #8  #9 #10 #11 #12 #13 #14 #15
Mar 25 20:25:59 Kajetandell kernel: [    0.075698] smp: Brought up 1 node, 16 CPUs
Mar 25 20:25:59 Kajetandell kernel: [    0.075702] smpboot: Max logical packages: 1
Mar 25 20:25:59 Kajetandell kernel: [    0.075702] smpboot: Total of 16 processors activated (76800.25 BogoMIPS)
Mar 25 20:25:59 Kajetandell kernel: [    0.090211] node 0 deferred pages initialised in 10ms
Mar 25 20:25:59 Kajetandell kernel: [    0.092620] devtmpfs: initialized
Mar 25 20:25:59 Kajetandell kernel: [    0.092620] x86/mm: Memory block size: 128MB
Mar 25 20:25:59 Kajetandell kernel: [    0.092620] clocksource: jiffies: mask: 0xffffffff max_cycles: 0xffffffff, max_idle_ns: 19112604462750000 ns
Mar 25 20:25:59 Kajetandell kernel: [    0.092620] futex hash table entries: 4096 (order: 6, 262144 bytes, linear)
Mar 25 20:25:59 Kajetandell kernel: [    0.096097] NET: Registered PF_NETLINK/PF_ROUTE protocol family
Mar 25 20:25:59 Kajetandell kernel: [    0.096166] audit: initializing netlink subsys (disabled)
Mar 25 20:25:59 Kajetandell kernel: [    0.096204] thermal_sys: Registered thermal governor 'step_wise'
Mar 25 20:25:59 Kajetandell kernel: [    0.096204] audit: type=2000 audit(1711394756.030:1): state=initialized audit_enabled=0 res=1
Mar 25 20:25:59 Kajetandell kernel: [    0.096204] cpuidle: using governor menu
Mar 25 20:25:59 Kajetandell kernel: [    0.096204] ACPI: bus type PCI registered
Mar 25 20:25:59 Kajetandell kernel: [    0.096204] PCI: Fatal: No config space access function found
Mar 25 20:25:59 Kajetandell kernel: [    0.096204] kprobes: kprobe jump-optimization is enabled. All kprobes are optimized if possible.
Mar 25 20:25:59 Kajetandell kernel: [    0.096204] HugeTLB registered 1.00 GiB page size, pre-allocated 0 pages
Mar 25 20:25:59 Kajetandell kernel: [    0.096204] HugeTLB registered 2.00 MiB page size, pre-allocated 0 pages
Mar 25 20:25:59 Kajetandell kernel: [    0.105658] raid6: skip pq benchmark and using algorithm avx2x4
Mar 25 20:25:59 Kajetandell kernel: [    0.105658] raid6: using avx2x2 recovery algorithm
Mar 25 20:25:59 Kajetandell kernel: [    0.105658] ACPI: Added _OSI(Module Device)
Mar 25 20:25:59 Kajetandell kernel: [    0.105658] ACPI: Added _OSI(Processor Device)
Mar 25 20:25:59 Kajetandell kernel: [    0.105658] ACPI: Added _OSI(3.0 _SCP Extensions)
Mar 25 20:25:59 Kajetandell kernel: [    0.105658] ACPI: Added _OSI(Processor Aggregator Device)
Mar 25 20:25:59 Kajetandell kernel: [    0.105658] ACPI: Added _OSI(Linux-Dell-Video)
Mar 25 20:25:59 Kajetandell kernel: [    0.105658] ACPI: Added _OSI(Linux-Lenovo-NV-HDMI-Audio)
Mar 25 20:25:59 Kajetandell kernel: [    0.105658] ACPI: Added _OSI(Linux-HPI-Hybrid-Graphics)
Mar 25 20:25:59 Kajetandell kernel: [    0.109011] ACPI: 1 ACPI AML tables successfully acquired and loaded
Mar 25 20:25:59 Kajetandell kernel: [    0.109798] ACPI: Interpreter enabled
Mar 25 20:25:59 Kajetandell kernel: [    0.109801] ACPI: PM: (supports S0 S5)
Mar 25 20:25:59 Kajetandell kernel: [    0.109802] ACPI: Using IOAPIC for interrupt routing
Mar 25 20:25:59 Kajetandell kernel: [    0.109809] PCI: Using host bridge windows from ACPI; if necessary, use "pci=nocrs" and report a bug
Mar 25 20:25:59 Kajetandell kernel: [    0.109930] ACPI: Enabled 2 GPEs in block 00 to 0F
Mar 25 20:25:59 Kajetandell kernel: [    0.111069] iommu: Default domain type: Translated 
Mar 25 20:25:59 Kajetandell kernel: [    0.111071] iommu: DMA domain TLB invalidation policy: lazy mode 
Mar 25 20:25:59 Kajetandell kernel: [    0.111128] SCSI subsystem initialized
Mar 25 20:25:59 Kajetandell kernel: [    0.111135] ACPI: bus type USB registered
Mar 25 20:25:59 Kajetandell kernel: [    0.111142] usbcore: registered new interface driver usbfs
Mar 25 20:25:59 Kajetandell kernel: [    0.111146] usbcore: registered new interface driver hub
Mar 25 20:25:59 Kajetandell kernel: [    0.111151] usbcore: registered new device driver usb
Mar 25 20:25:59 Kajetandell kernel: [    0.111158] pps_core: LinuxPPS API ver. 1 registered
Mar 25 20:25:59 Kajetandell kernel: [    0.111159] pps_core: Software ver. 5.3.6 - Copyright 2005-2007 Rodolfo Giometti <giometti@linux.it>
Mar 25 20:25:59 Kajetandell kernel: [    0.111161] PTP clock support registered
Mar 25 20:25:59 Kajetandell kernel: [    0.111187] hv_vmbus: Vmbus version:5.3
Mar 25 20:25:59 Kajetandell kernel: [    0.111187] PCI: Using ACPI for IRQ routing
Mar 25 20:25:59 Kajetandell kernel: [    0.111187] PCI: System does not support PCI
Mar 25 20:25:59 Kajetandell kernel: [    0.115583] clocksource: Switched to clocksource hyperv_clocksource_tsc_page
Mar 25 20:25:59 Kajetandell kernel: [    0.115680] hv_vmbus: Unknown GUID: c376c1c3-d276-48d2-90a9-c04748072c60
Mar 25 20:25:59 Kajetandell kernel: [    0.115729] hv_vmbus: Unknown GUID: 6e382d18-3336-4f4b-acc4-2b7703d4df4a
Mar 25 20:25:59 Kajetandell kernel: [    0.115738] hv_vmbus: Unknown GUID: dde9cbc0-5060-4436-9448-ea1254a5d177
Mar 25 20:25:59 Kajetandell kernel: [    0.127254] VFS: Disk quotas dquot_6.6.0
Mar 25 20:25:59 Kajetandell kernel: [    0.127265] VFS: Dquot-cache hash table entries: 512 (order 0, 4096 bytes)
Mar 25 20:25:59 Kajetandell kernel: [    0.127279] FS-Cache: Loaded
Mar 25 20:25:59 Kajetandell kernel: [    0.127299] pnp: PnP ACPI init
Mar 25 20:25:59 Kajetandell kernel: [    0.127473] pnp: PnP ACPI: found 1 devices
Mar 25 20:25:59 Kajetandell kernel: [    0.134059] NET: Registered PF_INET protocol family
Mar 25 20:25:59 Kajetandell kernel: [    0.134696] IP idents hash table entries: 262144 (order: 9, 2097152 bytes, linear)
Mar 25 20:25:59 Kajetandell kernel: [    0.135790] tcp_listen_portaddr_hash hash table entries: 8192 (order: 5, 131072 bytes, linear)
Mar 25 20:25:59 Kajetandell kernel: [    0.135801] Table-perturb hash table entries: 65536 (order: 6, 262144 bytes, linear)
Mar 25 20:25:59 Kajetandell kernel: [    0.135804] TCP established hash table entries: 131072 (order: 8, 1048576 bytes, linear)
Mar 25 20:25:59 Kajetandell kernel: [    0.136060] TCP bind hash table entries: 65536 (order: 8, 1048576 bytes, linear)
Mar 25 20:25:59 Kajetandell kernel: [    0.136301] TCP: Hash tables configured (established 131072 bind 65536)
Mar 25 20:25:59 Kajetandell kernel: [    0.136323] UDP hash table entries: 8192 (order: 6, 262144 bytes, linear)
Mar 25 20:25:59 Kajetandell kernel: [    0.136341] UDP-Lite hash table entries: 8192 (order: 6, 262144 bytes, linear)
Mar 25 20:25:59 Kajetandell kernel: [    0.136377] NET: Registered PF_UNIX/PF_LOCAL protocol family
Mar 25 20:25:59 Kajetandell kernel: [    0.137071] RPC: Registered named UNIX socket transport module.
Mar 25 20:25:59 Kajetandell kernel: [    0.137073] RPC: Registered udp transport module.
Mar 25 20:25:59 Kajetandell kernel: [    0.137074] RPC: Registered tcp transport module.
Mar 25 20:25:59 Kajetandell kernel: [    0.137074] RPC: Registered tcp NFSv4.1 backchannel transport module.
Mar 25 20:25:59 Kajetandell kernel: [    0.137077] PCI: CLS 0 bytes, default 64
Mar 25 20:25:59 Kajetandell kernel: [    0.137096] PCI-DMA: Using software bounce buffering for IO (SWIOTLB)
Mar 25 20:25:59 Kajetandell kernel: [    0.137098] software IO TLB: mapped [mem 0x00000000f4000000-0x00000000f8000000] (64MB)
Mar 25 20:25:59 Kajetandell kernel: [    0.137139] KVM: vmx: using Hyper-V Enlightened VMCS
Mar 25 20:25:59 Kajetandell kernel: [    0.137165] Trying to unpack rootfs image as initramfs...
Mar 25 20:25:59 Kajetandell kernel: [    0.138189] Freeing initrd memory: 2060K
Mar 25 20:25:59 Kajetandell kernel: [    0.395075] kvm: already loaded the other module
Mar 25 20:25:59 Kajetandell kernel: [    0.397352] Initialise system trusted keyrings
Mar 25 20:25:59 Kajetandell kernel: [    0.397452] workingset: timestamp_bits=46 max_order=22 bucket_order=0
Mar 25 20:25:59 Kajetandell kernel: [    0.398216] squashfs: version 4.0 (2009/01/31) Phillip Lougher
Mar 25 20:25:59 Kajetandell kernel: [    0.398572] NFS: Registering the id_resolver key type
Mar 25 20:25:59 Kajetandell kernel: [    0.398576] Key type id_resolver registered
Mar 25 20:25:59 Kajetandell kernel: [    0.398577] Key type id_legacy registered
Mar 25 20:25:59 Kajetandell kernel: [    0.398579] nfs4filelayout_init: NFSv4 File Layout Driver Registering...
Mar 25 20:25:59 Kajetandell kernel: [    0.398581] nfs4flexfilelayout_init: NFSv4 Flexfile Layout Driver Registering...
Mar 25 20:25:59 Kajetandell kernel: [    0.398582] Installing knfsd (copyright (C) 1996 okir@monad.swb.de).
Mar 25 20:25:59 Kajetandell kernel: [    0.399209] Key type cifs.idmap registered
Mar 25 20:25:59 Kajetandell kernel: [    0.399278] fuse: init (API version 7.34)
Mar 25 20:25:59 Kajetandell kernel: [    0.399433] SGI XFS with ACLs, security attributes, realtime, scrub, repair, quota, no debug enabled
Mar 25 20:25:59 Kajetandell kernel: [    0.399733] 9p: Installing v9fs 9p2000 file system support
Mar 25 20:25:59 Kajetandell kernel: [    0.399740] FS-Cache: Netfs '9p' registered for caching
Mar 25 20:25:59 Kajetandell kernel: [    0.399777] FS-Cache: Netfs 'ceph' registered for caching
Mar 25 20:25:59 Kajetandell kernel: [    0.399778] ceph: loaded (mds proto 32)
Mar 25 20:25:59 Kajetandell kernel: [    0.405645] NET: Registered PF_ALG protocol family
Mar 25 20:25:59 Kajetandell kernel: [    0.405648] xor: automatically using best checksumming function   avx       
Mar 25 20:25:59 Kajetandell kernel: [    0.405649] Key type asymmetric registered
Mar 25 20:25:59 Kajetandell kernel: [    0.405650] Asymmetric key parser 'x509' registered
Mar 25 20:25:59 Kajetandell kernel: [    0.405667] Block layer SCSI generic (bsg) driver version 0.4 loaded (major 248)
Mar 25 20:25:59 Kajetandell kernel: [    0.407776] hv_vmbus: registering driver hv_pci
Mar 25 20:25:59 Kajetandell kernel: [    0.408760] hv_pci 473993e9-70be-446c-8b6e-f4be9f0b7787: PCI VMBus probing: Using version 0x10004
Mar 25 20:25:59 Kajetandell kernel: [    0.410917] hv_pci 473993e9-70be-446c-8b6e-f4be9f0b7787: PCI host bridge to bus 70be:00
Mar 25 20:25:59 Kajetandell kernel: [    0.410919] pci_bus 70be:00: root bus resource [mem 0x9ffe00000-0x9ffe02fff window]
Mar 25 20:25:59 Kajetandell kernel: [    0.410921] pci_bus 70be:00: No busn resource found for root bus, will use [bus 00-ff]
Mar 25 20:25:59 Kajetandell kernel: [    0.411657] pci 70be:00:00.0: [1af4:1043] type 00 class 0x010000
Mar 25 20:25:59 Kajetandell kernel: [    0.413214] pci 70be:00:00.0: reg 0x10: [mem 0x9ffe00000-0x9ffe00fff 64bit]
Mar 25 20:25:59 Kajetandell kernel: [    0.413853] pci 70be:00:00.0: reg 0x18: [mem 0x9ffe01000-0x9ffe01fff 64bit]
Mar 25 20:25:59 Kajetandell kernel: [    0.414416] pci 70be:00:00.0: reg 0x20: [mem 0x9ffe02000-0x9ffe02fff 64bit]
Mar 25 20:25:59 Kajetandell kernel: [    0.417507] pci_bus 70be:00: busn_res: [bus 00-ff] end is updated to 00
Mar 25 20:25:59 Kajetandell kernel: [    0.417511] pci 70be:00:00.0: BAR 0: assigned [mem 0x9ffe00000-0x9ffe00fff 64bit]
Mar 25 20:25:59 Kajetandell kernel: [    0.417890] pci 70be:00:00.0: BAR 2: assigned [mem 0x9ffe01000-0x9ffe01fff 64bit]
Mar 25 20:25:59 Kajetandell kernel: [    0.418275] pci 70be:00:00.0: BAR 4: assigned [mem 0x9ffe02000-0x9ffe02fff 64bit]
Mar 25 20:25:59 Kajetandell kernel: [    0.419437] hv_pci d34db12c-1e9b-449e-aef1-0d7709e0223f: PCI VMBus probing: Using version 0x10004
Mar 25 20:25:59 Kajetandell kernel: [    0.420689] hv_pci d34db12c-1e9b-449e-aef1-0d7709e0223f: PCI host bridge to bus 1e9b:00
Mar 25 20:25:59 Kajetandell kernel: [    0.420691] pci_bus 1e9b:00: No busn resource found for root bus, will use [bus 00-ff]
Mar 25 20:25:59 Kajetandell kernel: [    0.421028] pci 1e9b:00:00.0: [1414:008e] type 00 class 0x030200
Mar 25 20:25:59 Kajetandell kernel: [    0.424868] pci_bus 1e9b:00: busn_res: [bus 00-ff] end is updated to 00
Mar 25 20:25:59 Kajetandell kernel: [    0.425017] ACPI: AC: AC Adapter [AC1] (on-line)
Mar 25 20:25:59 Kajetandell kernel: [    0.425858] ACPI: battery: Slot [BAT1] (battery present)
Mar 25 20:25:59 Kajetandell kernel: [    0.429293] Serial: 8250/16550 driver, 4 ports, IRQ sharing disabled
Mar 25 20:25:59 Kajetandell kernel: [    0.467056] Non-volatile memory driver v1.3
Mar 25 20:25:59 Kajetandell kernel: [    0.467367] [drm] Initialized vgem 1.0.0 20120112 for vgem on minor 0
Mar 25 20:25:59 Kajetandell kernel: [    0.469972] printk: console [hvc0] enabled
Mar 25 20:25:59 Kajetandell kernel: [    0.471975] brd: module loaded
Mar 25 20:25:59 Kajetandell kernel: [    0.473277] loop: module loaded
Mar 25 20:25:59 Kajetandell kernel: [    0.473834] hv_vmbus: registering driver hv_storvsc
Mar 25 20:25:59 Kajetandell kernel: [    0.474427] wireguard: WireGuard 1.0.0 loaded. See www.wireguard.com for information.
Mar 25 20:25:59 Kajetandell kernel: [    0.475316] wireguard: Copyright (C) 2015-2019 Jason A. Donenfeld <Jason@zx2c4.com>. All Rights Reserved.
Mar 25 20:25:59 Kajetandell kernel: [    0.476039] tun: Universal TUN/TAP device driver, 1.6
Mar 25 20:25:59 Kajetandell kernel: [    0.476392] PPP generic driver version 2.4.2
Mar 25 20:25:59 Kajetandell kernel: [    0.476888] PPP BSD Compression module registered
Mar 25 20:25:59 Kajetandell kernel: [    0.477183] PPP Deflate Compression module registered
Mar 25 20:25:59 Kajetandell kernel: [    0.477703] PPP MPPE Compression module registered
Mar 25 20:25:59 Kajetandell kernel: [    0.478132] NET: Registered PF_PPPOX protocol family
Mar 25 20:25:59 Kajetandell kernel: [    0.478481] usbcore: registered new interface driver cdc_ether
Mar 25 20:25:59 Kajetandell kernel: [    0.478865] usbcore: registered new interface driver cdc_ncm
Mar 25 20:25:59 Kajetandell kernel: [    0.479204] usbcore: registered new interface driver r8153_ecm
Mar 25 20:25:59 Kajetandell kernel: [    0.479515] hv_vmbus: registering driver hv_netvsc
Mar 25 20:25:59 Kajetandell kernel: [    0.479853] VFIO - User Level meta-driver version: 0.3
Mar 25 20:25:59 Kajetandell kernel: [    0.480319] usbcore: registered new interface driver cdc_acm
Mar 25 20:25:59 Kajetandell kernel: [    0.480681] cdc_acm: USB Abstract Control Model driver for USB modems and ISDN adapters
Mar 25 20:25:59 Kajetandell kernel: [    0.481107] usbcore: registered new interface driver ch341
Mar 25 20:25:59 Kajetandell kernel: [    0.481362] usbserial: USB Serial support registered for ch341-uart
Mar 25 20:25:59 Kajetandell kernel: [    0.481670] usbcore: registered new interface driver cp210x
Mar 25 20:25:59 Kajetandell kernel: [    0.481920] usbserial: USB Serial support registered for cp210x
Mar 25 20:25:59 Kajetandell kernel: [    0.482291] usbcore: registered new interface driver ftdi_sio
Mar 25 20:25:59 Kajetandell kernel: [    0.482633] usbserial: USB Serial support registered for FTDI USB Serial Device
Mar 25 20:25:59 Kajetandell kernel: [    0.483157] vhci_hcd vhci_hcd.0: USB/IP Virtual Host Controller
Mar 25 20:25:59 Kajetandell kernel: [    0.483478] vhci_hcd vhci_hcd.0: new USB bus registered, assigned bus number 1
Mar 25 20:25:59 Kajetandell kernel: [    0.483864] vhci_hcd: created sysfs vhci_hcd.0
Mar 25 20:25:59 Kajetandell kernel: [    0.484288] usb usb1: New USB device found, idVendor=1d6b, idProduct=0002, bcdDevice= 5.15
Mar 25 20:25:59 Kajetandell kernel: [    0.484670] usb usb1: New USB device strings: Mfr=3, Product=2, SerialNumber=1
Mar 25 20:25:59 Kajetandell kernel: [    0.485046] usb usb1: Product: USB/IP Virtual Host Controller
Mar 25 20:25:59 Kajetandell kernel: [    0.485409] usb usb1: Manufacturer: Linux 5.15.133.1-microsoft-standard-WSL2 vhci_hcd
Mar 25 20:25:59 Kajetandell kernel: [    0.485778] usb usb1: SerialNumber: vhci_hcd.0
Mar 25 20:25:59 Kajetandell kernel: [    0.486326] hub 1-0:1.0: USB hub found
Mar 25 20:25:59 Kajetandell kernel: [    0.486554] hub 1-0:1.0: 8 ports detected
Mar 25 20:25:59 Kajetandell kernel: [    0.487018] vhci_hcd vhci_hcd.0: USB/IP Virtual Host Controller
Mar 25 20:25:59 Kajetandell kernel: [    0.487332] vhci_hcd vhci_hcd.0: new USB bus registered, assigned bus number 2
Mar 25 20:25:59 Kajetandell kernel: [    0.487806] usb usb2: We don't know the algorithms for LPM for this host, disabling LPM.
Mar 25 20:25:59 Kajetandell kernel: [    0.488327] usb usb2: New USB device found, idVendor=1d6b, idProduct=0003, bcdDevice= 5.15
Mar 25 20:25:59 Kajetandell kernel: [    0.488708] usb usb2: New USB device strings: Mfr=3, Product=2, SerialNumber=1
Mar 25 20:25:59 Kajetandell kernel: [    0.489091] usb usb2: Product: USB/IP Virtual Host Controller
Mar 25 20:25:59 Kajetandell kernel: [    0.489498] usb usb2: Manufacturer: Linux 5.15.133.1-microsoft-standard-WSL2 vhci_hcd
Mar 25 20:25:59 Kajetandell kernel: [    0.489923] usb usb2: SerialNumber: vhci_hcd.0
Mar 25 20:25:59 Kajetandell kernel: [    0.490348] hub 2-0:1.0: USB hub found
Mar 25 20:25:59 Kajetandell kernel: [    0.490585] hub 2-0:1.0: 8 ports detected
Mar 25 20:25:59 Kajetandell kernel: [    0.491115] hv_vmbus: registering driver hyperv_keyboard
Mar 25 20:25:59 Kajetandell kernel: [    0.491385] rtc_cmos 00:00: RTC can wake from S4
Mar 25 20:25:59 Kajetandell kernel: [    0.493312] rtc_cmos 00:00: registered as rtc0
Mar 25 20:25:59 Kajetandell kernel: [    0.493913] rtc_cmos 00:00: setting system clock to 2024-03-25T19:25:56 UTC (1711394756)
Mar 25 20:25:59 Kajetandell kernel: [    0.494984] rtc_cmos 00:00: alarms up to one month, 114 bytes nvram
Mar 25 20:25:59 Kajetandell kernel: [    0.495755] device-mapper: ioctl: 4.45.0-ioctl (2021-03-22) initialised: dm-devel@redhat.com
Mar 25 20:25:59 Kajetandell kernel: [    0.496439] device-mapper: raid: Loading target version 1.15.1
Mar 25 20:25:59 Kajetandell kernel: [    0.496898] usbcore: registered new interface driver usbhid
Mar 25 20:25:59 Kajetandell kernel: [    0.497166] usbhid: USB HID core driver
Mar 25 20:25:59 Kajetandell kernel: [    0.497459] hv_utils: Registering HyperV Utility Driver
Mar 25 20:25:59 Kajetandell kernel: [    0.497715] hv_vmbus: registering driver hv_utils
Mar 25 20:25:59 Kajetandell kernel: [    0.498019] hv_vmbus: registering driver hv_balloon
Mar 25 20:25:59 Kajetandell kernel: [    0.498387] hv_vmbus: registering driver dxgkrnl
Mar 25 20:25:59 Kajetandell kernel: [    0.499177] drop_monitor: Initializing network drop monitor service
Mar 25 20:25:59 Kajetandell kernel: [    0.499570] Mirror/redirect action on
Mar 25 20:25:59 Kajetandell kernel: [    0.499762] u32 classifier
Mar 25 20:25:59 Kajetandell kernel: [    0.499889]     Performance counters on
Mar 25 20:25:59 Kajetandell kernel: [    0.500079]     input device check on
Mar 25 20:25:59 Kajetandell kernel: [    0.500321]     Actions configured
Mar 25 20:25:59 Kajetandell kernel: [    0.501258] IPVS: Registered protocols (TCP, UDP)
Mar 25 20:25:59 Kajetandell kernel: [    0.501539] IPVS: Connection hash table configured (size=4096, memory=32Kbytes)
Mar 25 20:25:59 Kajetandell kernel: [    0.501934] IPVS: ipvs loaded.
Mar 25 20:25:59 Kajetandell kernel: [    0.502118] IPVS: [rr] scheduler registered.
Mar 25 20:25:59 Kajetandell kernel: [    0.502390] IPVS: [wrr] scheduler registered.
Mar 25 20:25:59 Kajetandell kernel: [    0.502634] IPVS: [sh] scheduler registered.
Mar 25 20:25:59 Kajetandell kernel: [    0.502904] ipip: IPv4 and MPLS over IPv4 tunneling driver
Mar 25 20:25:59 Kajetandell kernel: [    0.503157] ipt_CLUSTERIP: ClusterIP Version 0.8 loaded successfully
Mar 25 20:25:59 Kajetandell kernel: [    0.503466] Initializing XFRM netlink socket
Mar 25 20:25:59 Kajetandell kernel: [    0.503750] NET: Registered PF_INET6 protocol family
Mar 25 20:25:59 Kajetandell kernel: [    0.504541] Segment Routing with IPv6
Mar 25 20:25:59 Kajetandell kernel: [    0.504739] In-situ OAM (IOAM) with IPv6
Mar 25 20:25:59 Kajetandell kernel: [    0.504950] sit: IPv6, IPv4 and MPLS over IPv4 tunneling driver
Mar 25 20:25:59 Kajetandell kernel: [    0.505250] NET: Registered PF_PACKET protocol family
Mar 25 20:25:59 Kajetandell kernel: [    0.505508] Bridge firewalling registered
Mar 25 20:25:59 Kajetandell kernel: [    0.505698] 8021q: 802.1Q VLAN Support v1.8
Mar 25 20:25:59 Kajetandell kernel: [    0.505939] sctp: Hash tables configured (bind 256/256)
Mar 25 20:25:59 Kajetandell kernel: [    0.506329] 9pnet: Installing 9P2000 support
Mar 25 20:25:59 Kajetandell kernel: [    0.506908] Key type dns_resolver registered
Mar 25 20:25:59 Kajetandell kernel: [    0.507273] Key type ceph registered
Mar 25 20:25:59 Kajetandell kernel: [    0.507682] libceph: loaded (mon/osd proto 15/24)
Mar 25 20:25:59 Kajetandell kernel: [    0.508046] NET: Registered PF_VSOCK protocol family
Mar 25 20:25:59 Kajetandell kernel: [    0.508299] hv_vmbus: registering driver hv_sock
Mar 25 20:25:59 Kajetandell kernel: [    0.508591] IPI shorthand broadcast: enabled
Mar 25 20:25:59 Kajetandell kernel: [    0.508848] sched_clock: Marking stable (507817000, 215000)->(522283700, -14251700)
Mar 25 20:25:59 Kajetandell kernel: [    0.509857] registered taskstats version 1
Mar 25 20:25:59 Kajetandell kernel: [    0.511173] Loading compiled-in X.509 certificates
Mar 25 20:25:59 Kajetandell kernel: [    0.514036] Btrfs loaded, crc32c=crc32c-generic, zoned=no, fsverity=no
Mar 25 20:25:59 Kajetandell kernel: [    0.605804] hv_utils: TimeSync IC version 4.0
Mar 25 20:25:59 Kajetandell kernel: [    0.606549] hv_balloon: Using Dynamic Memory protocol version 2.0
Mar 25 20:25:59 Kajetandell kernel: [    0.607224] scsi host0: storvsc_host_t
Mar 25 20:25:59 Kajetandell kernel: [    0.607959] Free page reporting enabled
Mar 25 20:25:59 Kajetandell kernel: [    0.608455] hv_balloon: Cold memory discard hint enabled with order 9
Mar 25 20:25:59 Kajetandell kernel: [    0.624472] Freeing unused kernel image (initmem) memory: 2008K
Mar 25 20:25:59 Kajetandell kernel: [    0.660410] Write protecting the kernel read-only data: 30720k
Mar 25 20:25:59 Kajetandell kernel: [    0.661963] Freeing unused kernel image (text/rodata gap) memory: 2024K
Mar 25 20:25:59 Kajetandell kernel: [    0.663071] Freeing unused kernel image (rodata/data gap) memory: 504K
Mar 25 20:25:59 Kajetandell kernel: [    0.663752] Run /init as init process
Mar 25 20:25:59 Kajetandell kernel: [    0.664152]   with arguments:
Mar 25 20:25:59 Kajetandell kernel: [    0.664390]     /init
Mar 25 20:25:59 Kajetandell kernel: [    0.664521]   with environment:
Mar 25 20:25:59 Kajetandell kernel: [    0.664724]     HOME=/
Mar 25 20:25:59 Kajetandell kernel: [    0.664908]     TERM=linux
Mar 25 20:25:59 Kajetandell kernel: [    0.665100]     WSL_ROOT_INIT=1
Mar 25 20:25:59 Kajetandell kernel: [    0.748051] hv_vmbus: Unknown GUID: 6e382d18-3336-4f4b-acc4-2b7703d4df4a
Mar 25 20:25:59 Kajetandell kernel: [    0.749209] hv_pci 85c6cc6f-27e1-404c-a7c0-bbf27ed79923: PCI VMBus probing: Using version 0x10004
Mar 25 20:25:59 Kajetandell kernel: [    0.750811] hv_pci 85c6cc6f-27e1-404c-a7c0-bbf27ed79923: PCI host bridge to bus 27e1:00
Mar 25 20:25:59 Kajetandell kernel: [    0.751218] pci_bus 27e1:00: No busn resource found for root bus, will use [bus 00-ff]
Mar 25 20:25:59 Kajetandell kernel: [    0.752024] pci 27e1:00:00.0: [1414:008e] type 00 class 0x030200
Mar 25 20:25:59 Kajetandell kernel: [    0.756337] pci_bus 27e1:00: busn_res: [bus 00-ff] end is updated to 00
Mar 25 20:25:59 Kajetandell kernel: [    0.761385] scsi 0:0:0:0: Direct-Access     Msft     Virtual Disk     1.0  PQ: 0 ANSI: 5
Mar 25 20:25:59 Kajetandell kernel: [    0.771968] sd 0:0:0:0: Attached scsi generic sg0 type 0
Mar 25 20:25:59 Kajetandell kernel: [    0.772939] sd 0:0:0:0: [sda] 798352 512-byte logical blocks: (409 MB/390 MiB)
Mar 25 20:25:59 Kajetandell kernel: [    0.773637] sd 0:0:0:0: [sda] Write Protect is on
Mar 25 20:25:59 Kajetandell kernel: [    0.773954] sd 0:0:0:0: [sda] Mode Sense: 0f 00 80 00
Mar 25 20:25:59 Kajetandell kernel: [    0.774611] sd 0:0:0:0: [sda] Write cache: disabled, read cache: enabled, doesn't support DPO or FUA
Mar 25 20:25:59 Kajetandell kernel: [    0.820504] scsi 0:0:0:1: Direct-Access     Msft     Virtual Disk     1.0  PQ: 0 ANSI: 5
Mar 25 20:25:59 Kajetandell kernel: [    0.824167] sd 0:0:0:0: [sda] Attached SCSI disk
Mar 25 20:25:59 Kajetandell kernel: [    0.824578] EXT4-fs (sda): mounted filesystem without journal. Opts: (null). Quota mode: none.
Mar 25 20:25:59 Kajetandell kernel: [    0.829948] sd 0:0:0:1: Attached scsi generic sg1 type 0
Mar 25 20:25:59 Kajetandell kernel: [    0.831153] sd 0:0:0:1: [sdb] 8388616 512-byte logical blocks: (4.29 GB/4.00 GiB)
Mar 25 20:25:59 Kajetandell kernel: [    0.831671] sd 0:0:0:1: [sdb] 4096-byte physical blocks
Mar 25 20:25:59 Kajetandell kernel: [    0.832112] sd 0:0:0:1: [sdb] Write Protect is off
Mar 25 20:25:59 Kajetandell kernel: [    0.832368] sd 0:0:0:1: [sdb] Mode Sense: 0f 00 00 00
Mar 25 20:25:59 Kajetandell kernel: [    0.832983] sd 0:0:0:1: [sdb] Write cache: enabled, read cache: enabled, doesn't support DPO or FUA
Mar 25 20:25:59 Kajetandell kernel: [    0.835823] sd 0:0:0:1: [sdb] Attached SCSI disk
Mar 25 20:25:59 Kajetandell kernel: [    0.872012] Adding 4194304k swap on /dev/sdb.  Priority:-2 extents:1 across:4194304k 
Mar 25 20:25:59 Kajetandell kernel: [    0.973908] IPv6: ADDRCONF(NETDEV_CHANGE): eth0: link becomes ready
Mar 25 20:25:59 Kajetandell kernel: [    1.053195] hv_pci c3405251-8e37-43fa-9686-2ca233c7d66f: PCI VMBus probing: Using version 0x10004
Mar 25 20:25:59 Kajetandell kernel: [    1.055982] hv_pci c3405251-8e37-43fa-9686-2ca233c7d66f: PCI host bridge to bus 8e37:00
Mar 25 20:25:59 Kajetandell kernel: [    1.056650] pci_bus 8e37:00: root bus resource [mem 0xc00000000-0xe00001fff window]
Mar 25 20:25:59 Kajetandell kernel: [    1.057220] pci_bus 8e37:00: No busn resource found for root bus, will use [bus 00-ff]
Mar 25 20:25:59 Kajetandell kernel: [    1.058720] pci 8e37:00:00.0: [1af4:105a] type 00 class 0x088000
Mar 25 20:25:59 Kajetandell kernel: [    1.061337] pci 8e37:00:00.0: reg 0x10: [mem 0xe00000000-0xe00000fff 64bit]
Mar 25 20:25:59 Kajetandell kernel: [    1.063718] pci 8e37:00:00.0: reg 0x18: [mem 0xe00001000-0xe00001fff 64bit]
Mar 25 20:25:59 Kajetandell kernel: [    1.066497] pci 8e37:00:00.0: reg 0x20: [mem 0xc00000000-0xdffffffff 64bit]
Mar 25 20:25:59 Kajetandell kernel: [    1.072042] pci_bus 8e37:00: busn_res: [bus 00-ff] end is updated to 00
Mar 25 20:25:59 Kajetandell kernel: [    1.072865] pci 8e37:00:00.0: BAR 4: assigned [mem 0xc00000000-0xdffffffff 64bit]
Mar 25 20:25:59 Kajetandell kernel: [    1.075321] pci 8e37:00:00.0: BAR 0: assigned [mem 0xe00000000-0xe00000fff 64bit]
Mar 25 20:25:59 Kajetandell kernel: [    1.077642] pci 8e37:00:00.0: BAR 2: assigned [mem 0xe00001000-0xe00001fff 64bit]
Mar 25 20:25:59 Kajetandell kernel: [    1.093233] virtiofs virtio1: Cache len: 0x200000000 @ 0xc00000000
Mar 25 20:25:59 Kajetandell kernel: [    1.153836] memmap_init_zone_device initialised 2097152 pages in 20ms
Mar 25 20:25:59 Kajetandell kernel: [    1.162963] FS-Cache: Duplicate cookie detected
Mar 25 20:25:59 Kajetandell kernel: [    1.163945] FS-Cache: O-cookie c=00000005 [p=00000002 fl=222 nc=0 na=1]
Mar 25 20:25:59 Kajetandell kernel: [    1.164713] FS-Cache: O-cookie d=000000000b65acba{9P.session} n=00000000afa6f012
Mar 25 20:25:59 Kajetandell kernel: [    1.165882] FS-Cache: O-key=[10] '34323934393337343036'
Mar 25 20:25:59 Kajetandell kernel: [    1.166423] FS-Cache: N-cookie c=00000006 [p=00000002 fl=2 nc=0 na=1]
Mar 25 20:25:59 Kajetandell kernel: [    1.167366] FS-Cache: N-cookie d=000000000b65acba{9P.session} n=0000000041f2946a
Mar 25 20:25:59 Kajetandell kernel: [    1.168345] FS-Cache: N-key=[10] '34323934393337343036'
Mar 25 20:25:59 Kajetandell kernel: [    1.185713] scsi 0:0:0:2: Direct-Access     Msft     Virtual Disk     1.0  PQ: 0 ANSI: 5
Mar 25 20:25:59 Kajetandell kernel: [    1.195551] sd 0:0:0:2: Attached scsi generic sg2 type 0
Mar 25 20:25:59 Kajetandell kernel: [    1.196716] sd 0:0:0:2: [sdc] 2147483648 512-byte logical blocks: (1.10 TB/1.00 TiB)
Mar 25 20:25:59 Kajetandell kernel: [    1.197167] sd 0:0:0:2: [sdc] 4096-byte physical blocks
Mar 25 20:25:59 Kajetandell kernel: [    1.197581] sd 0:0:0:2: [sdc] Write Protect is off
Mar 25 20:25:59 Kajetandell kernel: [    1.198056] sd 0:0:0:2: [sdc] Mode Sense: 0f 00 00 00
Mar 25 20:25:59 Kajetandell kernel: [    1.198638] sd 0:0:0:2: [sdc] Write cache: enabled, read cache: enabled, doesn't support DPO or FUA
Mar 25 20:25:59 Kajetandell kernel: [    1.202741] sd 0:0:0:2: [sdc] Attached SCSI disk
Mar 25 20:25:59 Kajetandell kernel: [    1.221977] EXT4-fs (sdc): mounted filesystem with ordered data mode. Opts: discard,errors=remount-ro,data=ordered. Quota mode: none.
Mar 25 20:25:59 Kajetandell kernel: [    1.998837] misc dxg: dxgk: dxgkio_query_adapter_info: Ioctl failed: -22
Mar 25 20:25:59 Kajetandell kernel: [    1.999509] misc dxg: dxgk: dxgkio_query_adapter_info: Ioctl failed: -22
Mar 25 20:25:59 Kajetandell kernel: [    2.000121] misc dxg: dxgk: dxgkio_query_adapter_info: Ioctl failed: -22
Mar 25 20:25:59 Kajetandell kernel: [    2.000681] misc dxg: dxgk: dxgkio_query_adapter_info: Ioctl failed: -2
Mar 25 20:25:59 Kajetandell kernel: [    2.002000] misc dxg: dxgk: dxgkio_query_adapter_info: Ioctl failed: -22
Mar 25 20:25:59 Kajetandell kernel: [    2.002390] misc dxg: dxgk: dxgkio_query_adapter_info: Ioctl failed: -22
Mar 25 20:25:59 Kajetandell kernel: [    2.002946] misc dxg: dxgk: dxgkio_query_adapter_info: Ioctl failed: -22
Mar 25 20:25:59 Kajetandell kernel: [    2.003508] misc dxg: dxgk: dxgkio_query_adapter_info: Ioctl failed: -2
Mar 25 20:26:02 Kajetandell kernel: [    5.711536] TCP: eth0: Driver has suspect GRO implementation, TCP performance may be compromised.
Mar 25 20:26:46 Kajetandell kernel: [   49.470351] hv_balloon: Max. dynamic memory size: 16246 MB
Mar 28 09:00:29 Kajetandell kernel: [    0.000000] Linux version 5.15.133.1-microsoft-standard-WSL2 (root@1c602f52c2e4) (gcc (GCC) 11.2.0, GNU ld (GNU Binutils) 2.37) #1 SMP Thu Oct 5 21:02:42 UTC 2023
Mar 28 09:00:29 Kajetandell kernel: [    0.000000] Command line: initrd=\initrd.img WSL_ROOT_INIT=1 panic=-1 nr_cpus=16 bonding.max_bonds=0 dummy.numdummies=0 fb_tunnels=none console=hvc0 debug pty.legacy_count=0
Mar 28 09:00:29 Kajetandell kernel: [    0.000000] KERNEL supported cpus:
Mar 28 09:00:29 Kajetandell kernel: [    0.000000]   Intel GenuineIntel
Mar 28 09:00:29 Kajetandell kernel: [    0.000000]   AMD AuthenticAMD
Mar 28 09:00:29 Kajetandell kernel: [    0.000000]   Centaur CentaurHauls
Mar 28 09:00:29 Kajetandell kernel: [    0.000000] BIOS-provided physical RAM map:
Mar 28 09:00:29 Kajetandell kernel: [    0.000000] BIOS-e820: [mem 0x0000000000000000-0x000000000009ffff] usable
Mar 28 09:00:29 Kajetandell kernel: [    0.000000] BIOS-e820: [mem 0x00000000000e0000-0x00000000000e0fff] reserved
Mar 28 09:00:29 Kajetandell kernel: [    0.000000] BIOS-e820: [mem 0x0000000000100000-0x00000000001fffff] ACPI data
Mar 28 09:00:29 Kajetandell kernel: [    0.000000] BIOS-e820: [mem 0x0000000000200000-0x00000000f7ffffff] usable
Mar 28 09:00:29 Kajetandell kernel: [    0.000000] BIOS-e820: [mem 0x0000000100000000-0x00000003ff5fffff] usable
Mar 28 09:00:29 Kajetandell kernel: [    0.000000] NX (Execute Disable) protection: active
Mar 28 09:00:29 Kajetandell kernel: [    0.000000] DMI not present or invalid.
Mar 28 09:00:29 Kajetandell kernel: [    0.000000] Hypervisor detected: Microsoft Hyper-V
Mar 28 09:00:29 Kajetandell kernel: [    0.000000] Hyper-V: privilege flags low 0x2e7f, high 0x3b8030, hints 0x24c2c, misc 0xe4bed7b6
Mar 28 09:00:29 Kajetandell kernel: [    0.000000] Hyper-V Host Build:22621-10.0-3-0.3296
Mar 28 09:00:29 Kajetandell kernel: [    0.000000] Hyper-V: Nested features: 0x3e0101
Mar 28 09:00:29 Kajetandell kernel: [    0.000000] Hyper-V: LAPIC Timer Frequency: 0x1e8480
Mar 28 09:00:29 Kajetandell kernel: [    0.000000] Hyper-V: Using hypercall for remote TLB flush
Mar 28 09:00:29 Kajetandell kernel: [    0.000000] clocksource: hyperv_clocksource_tsc_page: mask: 0xffffffffffffffff max_cycles: 0x24e6a1710, max_idle_ns: 440795202120 ns
Mar 28 09:00:29 Kajetandell kernel: [    0.000007] tsc: Marking TSC unstable due to running on Hyper-V
Mar 28 09:00:29 Kajetandell kernel: [    0.000011] tsc: Detected 2400.008 MHz processor
Mar 28 09:00:29 Kajetandell kernel: [    0.000037] e820: update [mem 0x00000000-0x00000fff] usable ==> reserved
Mar 28 09:00:29 Kajetandell kernel: [    0.000041] e820: remove [mem 0x000a0000-0x000fffff] usable
Mar 28 09:00:29 Kajetandell kernel: [    0.000045] last_pfn = 0x3ff600 max_arch_pfn = 0x400000000
Mar 28 09:00:29 Kajetandell kernel: [    0.000079] x86/PAT: Configuration [0-7]: WB  WC  UC- UC  WB  WP  UC- WT  
Mar 28 09:00:29 Kajetandell kernel: [    0.000094] last_pfn = 0xf8000 max_arch_pfn = 0x400000000
Mar 28 09:00:29 Kajetandell kernel: [    0.000116] Using GB pages for direct mapping
Mar 28 09:00:29 Kajetandell kernel: [    0.000180] RAMDISK: [mem 0x03de5000-0x03fe7fff]
Mar 28 09:00:29 Kajetandell kernel: [    0.000183] ACPI: Early table checksum verification disabled
Mar 28 09:00:29 Kajetandell kernel: [    0.000190] ACPI: RSDP 0x00000000000E0000 000024 (v02 VRTUAL)
Mar 28 09:00:29 Kajetandell kernel: [    0.000195] ACPI: XSDT 0x0000000000100000 000044 (v01 VRTUAL MICROSFT 00000001 MSFT 00000001)
Mar 28 09:00:29 Kajetandell kernel: [    0.000203] ACPI: FACP 0x0000000000101000 000114 (v06 VRTUAL MICROSFT 00000001 MSFT 00000001)
Mar 28 09:00:29 Kajetandell kernel: [    0.000209] ACPI: DSDT 0x00000000001011B8 01E191 (v02 MSFTVM DSDT01   00000001 MSFT 05000000)
Mar 28 09:00:29 Kajetandell kernel: [    0.000213] ACPI: FACS 0x0000000000101114 000040
Mar 28 09:00:29 Kajetandell kernel: [    0.000216] ACPI: OEM0 0x0000000000101154 000064 (v01 VRTUAL MICROSFT 00000001 MSFT 00000001)
Mar 28 09:00:29 Kajetandell kernel: [    0.000220] ACPI: SRAT 0x000000000011F349 0003B0 (v02 VRTUAL MICROSFT 00000001 MSFT 00000001)
Mar 28 09:00:29 Kajetandell kernel: [    0.000223] ACPI: APIC 0x000000000011F6F9 0000C8 (v04 VRTUAL MICROSFT 00000001 MSFT 00000001)
Mar 28 09:00:29 Kajetandell kernel: [    0.000226] ACPI: Reserving FACP table memory at [mem 0x101000-0x101113]
Mar 28 09:00:29 Kajetandell kernel: [    0.000228] ACPI: Reserving DSDT table memory at [mem 0x1011b8-0x11f348]
Mar 28 09:00:29 Kajetandell kernel: [    0.000229] ACPI: Reserving FACS table memory at [mem 0x101114-0x101153]
Mar 28 09:00:29 Kajetandell kernel: [    0.000230] ACPI: Reserving OEM0 table memory at [mem 0x101154-0x1011b7]
Mar 28 09:00:29 Kajetandell kernel: [    0.000230] ACPI: Reserving SRAT table memory at [mem 0x11f349-0x11f6f8]
Mar 28 09:00:29 Kajetandell kernel: [    0.000231] ACPI: Reserving APIC table memory at [mem 0x11f6f9-0x11f7c0]
Mar 28 09:00:29 Kajetandell kernel: [    0.000841] Zone ranges:
Mar 28 09:00:29 Kajetandell kernel: [    0.000844]   DMA      [mem 0x0000000000001000-0x0000000000ffffff]
Mar 28 09:00:29 Kajetandell kernel: [    0.000848]   DMA32    [mem 0x0000000001000000-0x00000000ffffffff]
Mar 28 09:00:29 Kajetandell kernel: [    0.000849]   Normal   [mem 0x0000000100000000-0x00000003ff5fffff]
Mar 28 09:00:29 Kajetandell kernel: [    0.000851]   Device   empty
Mar 28 09:00:29 Kajetandell kernel: [    0.000852] Movable zone start for each node
Mar 28 09:00:29 Kajetandell kernel: [    0.000853] Early memory node ranges
Mar 28 09:00:29 Kajetandell kernel: [    0.000854]   node   0: [mem 0x0000000000001000-0x000000000009ffff]
Mar 28 09:00:29 Kajetandell kernel: [    0.000855]   node   0: [mem 0x0000000000200000-0x00000000f7ffffff]
Mar 28 09:00:29 Kajetandell kernel: [    0.000857]   node   0: [mem 0x0000000100000000-0x00000003ff5fffff]
Mar 28 09:00:29 Kajetandell kernel: [    0.000859] Initmem setup node 0 [mem 0x0000000000001000-0x00000003ff5fffff]
Mar 28 09:00:29 Kajetandell kernel: [    0.001122] On node 0, zone DMA: 1 pages in unavailable ranges
Mar 28 09:00:29 Kajetandell kernel: [    0.001192] On node 0, zone DMA: 352 pages in unavailable ranges
Mar 28 09:00:29 Kajetandell kernel: [    0.020245] On node 0, zone Normal: 2560 pages in unavailable ranges
Mar 28 09:00:29 Kajetandell kernel: [    0.020292] ACPI: LAPIC_NMI (acpi_id[0x01] dfl dfl lint[0x1])
Mar 28 09:00:29 Kajetandell kernel: [    0.020632] IOAPIC[0]: apic_id 16, version 17, address 0xfec00000, GSI 0-23
Mar 28 09:00:29 Kajetandell kernel: [    0.020639] ACPI: INT_SRC_OVR (bus 0 bus_irq 9 global_irq 9 high level)
